MPLINK 4.40, Linker
Linker Map File - Created Wed May  8 17:42:14 2013

                                 Section Info
                  Section       Type    Address   Location Size(Bytes)
                ---------  ---------  ---------  ---------  ---------
               _entry_scn       code   0x000000    program   0x000006
    HIGH_INTERRUPT_VECTOR       code   0x000008    program   0x000006
     LOW_INTERRUPT_VECTOR       code   0x000018    program   0x000006
    REMAPPED_RESET_VECTOR       code   0x001000    program   0x000006
REMAPPED_HIGH_INTERRUPT_VECTOR       code   0x001008    program   0x000006
REMAPPED_LOW_INTERRUPT_VECTOR       code   0x001018    program   0x000006
                   .cinit    romdata   0x00102a    program   0x00000e
       .code_usb_device.o       code   0x001038    program   0x000cf0
             .code_main.o       code   0x001d28    program   0x0006e0
 .code_usb_function_hid.o       code   0x002408    program   0x0000c8
.romdata_usb_descriptors.o    romdata   0x0024d0    program   0x0000c5
.idata_usb_function_hid.o_i    romdata   0x002595    program   0x000000
.romdata_usb_function_hid.o    romdata   0x002595    program   0x000000
    .idata_usb_device.o_i    romdata   0x002595    program   0x000000
    .romdata_usb_device.o    romdata   0x002595    program   0x000000
       .idata_adcbusy.o_i    romdata   0x002595    program   0x000000
       .romdata_adcbusy.o    romdata   0x002595    program   0x000000
       .idata_adcconv.o_i    romdata   0x002595    program   0x000000
       .romdata_adcconv.o    romdata   0x002595    program   0x000000
       .idata_adcopen.o_i    romdata   0x002595    program   0x000000
       .romdata_adcopen.o    romdata   0x002595    program   0x000000
        .romdata___init.o    romdata   0x002595    program   0x000000
        .idata___init.o_i    romdata   0x002595    program   0x000000
      .romdata_adcsetch.o    romdata   0x002595    program   0x000000
      .idata_adcsetch.o_i    romdata   0x002595    program   0x000000
       .idata_adcread.o_i    romdata   0x002595    program   0x000000
       .romdata_adcread.o    romdata   0x002595    program   0x000000
         .idata_c018i.o_i    romdata   0x002595    program   0x000000
         .romdata_c018i.o    romdata   0x002595    program   0x000000
          .romdata_main.o    romdata   0x002595    program   0x000000
.idata_usb_descriptors.o_i    romdata   0x002595    program   0x000000
  .code_usb_descriptors.o       code   0x002596    program   0x000000
            .code_c018i.o       code   0x002596    program   0x000000
               _cinit_scn       code   0x002596    program   0x00009e
          .code_adcopen.o       code   0x002634    program   0x00006e
                   STRING       code   0x0026a2    program   0x000034
         .code_adcsetch.o       code   0x0026d6    program   0x00002e
                    .code       code   0x002704    program   0x000020
             _startup_scn       code   0x002724    program   0x00001c
          .code_adcread.o       code   0x002740    program   0x000012
          .code_adcbusy.o       code   0x002752    program   0x00000a
          .code_adcconv.o       code   0x00275c    program   0x000004
           .code___init.o       code   0x002760    program   0x000002
          .idata_main.o_i    romdata   0x002762    program   0x000007
    .config_300000_main.o    romdata   0x300000    program   0x000001
    .config_300001_main.o    romdata   0x300001    program   0x000001
    .config_300002_main.o    romdata   0x300002    program   0x000001
    .config_300003_main.o    romdata   0x300003    program   0x000001
    .config_300005_main.o    romdata   0x300005    program   0x000001
    .config_300006_main.o    romdata   0x300006    program   0x000001
    .config_300008_main.o    romdata   0x300008    program   0x000001
    .config_300009_main.o    romdata   0x300009    program   0x000001
    .config_30000a_main.o    romdata   0x30000a    program   0x000001
    .config_30000b_main.o    romdata   0x30000b    program   0x000001
    .config_30000c_main.o    romdata   0x30000c    program   0x000001
    .config_30000d_main.o    romdata   0x30000d    program   0x000001
                MATH_DATA      udata   0x000000       data   0x00000b
                 .tmpdata      udata   0x00000b       data   0x000004
      .udata_usb_device.o      udata   0x000060       data   0x00002e
           .udata_c018i.o      udata   0x00008e       data   0x00000a
            .idata_main.o      idata   0x000098       data   0x000007
.udata_usb_function_hid.o      udata   0x00009f       data   0x000002
            .udata_main.o      udata   0x0000a1       data   0x000002
        .idata_adcsetch.o      idata   0x0000a3       data   0x000000
        .udata_adcsetch.o      udata   0x0000a3       data   0x000000
         .idata_adcread.o      idata   0x0000a3       data   0x000000
         .udata_adcread.o      udata   0x0000a3       data   0x000000
         .idata_adcopen.o      idata   0x0000a3       data   0x000000
         .udata_adcopen.o      udata   0x0000a3       data   0x000000
         .idata_adcconv.o      idata   0x0000a3       data   0x000000
         .udata_adcconv.o      udata   0x0000a3       data   0x000000
         .idata_adcbusy.o      idata   0x0000a3       data   0x000000
         .udata_adcbusy.o      udata   0x0000a3       data   0x000000
          .udata___init.o      udata   0x0000a3       data   0x000000
          .idata___init.o      idata   0x0000a3       data   0x000000
      .idata_usb_device.o      idata   0x0000a3       data   0x000000
.idata_usb_function_hid.o      idata   0x0000a3       data   0x000000
 .idata_usb_descriptors.o      idata   0x0000a3       data   0x000000
 .udata_usb_descriptors.o      udata   0x0000a3       data   0x000000
           .idata_c018i.o      idata   0x0000a3       data   0x000000
                   .stack      udata   0x000300       data   0x000100
                  USB_BDT      udata   0x000400       data   0x000036
            USB_VARIABLES      udata   0x000500       data   0x000080
            SFR_UNBANKED0      udata   0x000f66       data   0x00009a



                              Program Memory Usage 
                               Start         End      
                           ---------   ---------      
                            0x000000    0x000005      
                            0x000008    0x00000d      
                            0x000018    0x00001d      
                            0x001000    0x001005      
                            0x001008    0x00100d      
                            0x001018    0x00101d      
                            0x00102a    0x002594      
                            0x002596    0x002768      
                            0x300000    0x300003      
                            0x300005    0x300006      
                            0x300008    0x30000d      
            5998 out of 33048 program addresses used, program memory utilization is 18%



                              Symbols - Sorted by Name
                     Name    Address   Location    Storage File                     
                ---------  ---------  ---------  --------- ---------                
                Amperimet   0x001f18    program     extern /home/ortholeg/PIC/Ortholeg/firmware-usb-18f2550-helloworld/main.c
           BlinkUSBStatus   0x00219c    program     extern /home/ortholeg/PIC/Ortholeg/firmware-usb-18f2550-helloworld/main.c
                  BusyADC   0x002752    program     extern C:\MCC18\v3_39\src\pmc_common\ADC\adcbusy.c
               ConvertADC   0x00275c    program     extern C:\MCC18\v3_39\src\pmc_common\ADC\adcconv.c
                 High_ISR   0x000008    program     extern /home/ortholeg/PIC/Ortholeg/firmware-usb-18f2550-helloworld/main.c
         InitializeSystem   0x001fc2    program     static /home/ortholeg/PIC/Ortholeg/firmware-usb-18f2550-helloworld/main.c
                  Low_ISR   0x000018    program     extern /home/ortholeg/PIC/Ortholeg/firmware-usb-18f2550-helloworld/main.c
                  OpenADC   0x002634    program     extern C:\MCC18\v3_39\src\pmc_common\ADC\adcopen.c
                  Potenci   0x001eb0    program     extern /home/ortholeg/PIC/Ortholeg/firmware-usb-18f2550-helloworld/main.c
                ProcessIO   0x001fe6    program     extern /home/ortholeg/PIC/Ortholeg/firmware-usb-18f2550-helloworld/main.c
                  ReadADC   0x002740    program     extern C:\MCC18\v3_39\src\pmc_common\ADC\adcread.c
                  ReadPOT   0x002172    program     extern /home/ortholeg/PIC/Ortholeg/firmware-usb-18f2550-helloworld/main.c
              ReadSensors   0x001e10    program     extern /home/ortholeg/PIC/Ortholeg/firmware-usb-18f2550-helloworld/main.c
        Remapped_High_ISR   0x001008    program     extern /home/ortholeg/PIC/Ortholeg/firmware-usb-18f2550-helloworld/main.c
         Remapped_Low_ISR   0x001018    program     extern /home/ortholeg/PIC/Ortholeg/firmware-usb-18f2550-helloworld/main.c
               SetChanADC   0x0026d6    program     extern C:\MCC18\v3_39\src\pmc_common\ADC\adcsetch.c
       USBCBCheckOtherReq   0x002222    program     extern /home/ortholeg/PIC/Ortholeg/firmware-usb-18f2550-helloworld/main.c
        USBCBErrorHandler   0x002220    program     extern /home/ortholeg/PIC/Ortholeg/firmware-usb-18f2550-helloworld/main.c
              USBCBInitEP   0x002228    program     extern /home/ortholeg/PIC/Ortholeg/firmware-usb-18f2550-helloworld/main.c
          USBCBSendResume   0x00223c    program     extern /home/ortholeg/PIC/Ortholeg/firmware-usb-18f2550-helloworld/main.c
    USBCBStdSetDscHandler   0x002226    program     extern /home/ortholeg/PIC/Ortholeg/firmware-usb-18f2550-helloworld/main.c
             USBCBSuspend   0x00221a    program     extern /home/ortholeg/PIC/Ortholeg/firmware-usb-18f2550-helloworld/main.c
     USBCBWakeFromSuspend   0x00221c    program     extern /home/ortholeg/PIC/Ortholeg/firmware-usb-18f2550-helloworld/main.c
        USBCB_SOF_Handler   0x00221e    program     extern /home/ortholeg/PIC/Ortholeg/firmware-usb-18f2550-helloworld/main.c
              USBCancelIO   0x001a42    program     extern /home/ortholeg/PIC/Ortholeg/firmware-usb-18f2550-helloworld/Microchip/USB/usb_device.c
       USBCheckHIDRequest   0x002408    program     extern /home/ortholeg/PIC/Ortholeg/firmware-usb-18f2550-helloworld/Microchip/USB/HID-Device-Driver/usb_function_hid.c
       USBCheckStdRequest   0x0013ba    program     static /home/ortholeg/PIC/Ortholeg/firmware-usb-18f2550-helloworld/Microchip/USB/usb_device.c
     USBConfigureEndpoint   0x001914    program     static /home/ortholeg/PIC/Ortholeg/firmware-usb-18f2550-helloworld/Microchip/USB/usb_device.c
  USBCtrlEPAllowDataStage   0x0015d8    program     extern /home/ortholeg/PIC/Ortholeg/firmware-usb-18f2550-helloworld/Microchip/USB/usb_device.c
USBCtrlEPAllowStatusStage   0x00158e    program     extern /home/ortholeg/PIC/Ortholeg/firmware-usb-18f2550-helloworld/Microchip/USB/usb_device.c
         USBCtrlEPService   0x00124c    program     static /home/ortholeg/PIC/Ortholeg/firmware-usb-18f2550-helloworld/Microchip/USB/usb_device.c
 USBCtrlEPServiceComplete   0x001702    program     static /home/ortholeg/PIC/Ortholeg/firmware-usb-18f2550-helloworld/Microchip/USB/usb_device.c
      USBCtrlTrfInHandler   0x001344    program     static /home/ortholeg/PIC/Ortholeg/firmware-usb-18f2550-helloworld/Microchip/USB/usb_device.c
     USBCtrlTrfOutHandler   0x001326    program     static /home/ortholeg/PIC/Ortholeg/firmware-usb-18f2550-helloworld/Microchip/USB/usb_device.c
      USBCtrlTrfRxService   0x0017da    program     static /home/ortholeg/PIC/Ortholeg/firmware-usb-18f2550-helloworld/Microchip/USB/usb_device.c
   USBCtrlTrfSetupHandler   0x0012ec    program     static /home/ortholeg/PIC/Ortholeg/firmware-usb-18f2550-helloworld/Microchip/USB/usb_device.c
      USBCtrlTrfTxService   0x00175c    program     static /home/ortholeg/PIC/Ortholeg/firmware-usb-18f2550-helloworld/Microchip/USB/usb_device.c
          USBDeviceAttach   0x001a78    program     extern /home/ortholeg/PIC/Ortholeg/firmware-usb-18f2550-helloworld/Microchip/USB/usb_device.c
          USBDeviceDetach   0x001a6e    program     extern /home/ortholeg/PIC/Ortholeg/firmware-usb-18f2550-helloworld/Microchip/USB/usb_device.c
            USBDeviceInit   0x001038    program     extern /home/ortholeg/PIC/Ortholeg/firmware-usb-18f2550-helloworld/Microchip/USB/usb_device.c
           USBDeviceTasks   0x0010d8    program     extern /home/ortholeg/PIC/Ortholeg/firmware-usb-18f2550-helloworld/Microchip/USB/usb_device.c
        USBEnableEndpoint   0x00196e    program     extern /home/ortholeg/PIC/Ortholeg/firmware-usb-18f2550-helloworld/Microchip/USB/usb_device.c
         USBStallEndpoint   0x0019aa    program     extern /home/ortholeg/PIC/Ortholeg/firmware-usb-18f2550-helloworld/Microchip/USB/usb_device.c
          USBStallHandler   0x0011f4    program     static /home/ortholeg/PIC/Ortholeg/firmware-usb-18f2550-helloworld/Microchip/USB/usb_device.c
  USBStdFeatureReqHandler   0x001462    program     static /home/ortholeg/PIC/Ortholeg/firmware-usb-18f2550-helloworld/Microchip/USB/usb_device.c
      USBStdGetDscHandler   0x001612    program     static /home/ortholeg/PIC/Ortholeg/firmware-usb-18f2550-helloworld/Microchip/USB/usb_device.c
   USBStdGetStatusHandler   0x00168c    program     static /home/ortholeg/PIC/Ortholeg/firmware-usb-18f2550-helloworld/Microchip/USB/usb_device.c
      USBStdSetCfgHandler   0x0018a2    program     static /home/ortholeg/PIC/Ortholeg/firmware-usb-18f2550-helloworld/Microchip/USB/usb_device.c
               USBSuspend   0x00121a    program     static /home/ortholeg/PIC/Ortholeg/firmware-usb-18f2550-helloworld/Microchip/USB/usb_device.c
     USBTransferOnePacket   0x0019ce    program     extern /home/ortholeg/PIC/Ortholeg/firmware-usb-18f2550-helloworld/Microchip/USB/usb_device.c
       USBWakeFromSuspend   0x001230    program     static /home/ortholeg/PIC/Ortholeg/firmware-usb-18f2550-helloworld/Microchip/USB/usb_device.c
               USB_CD_Ptr   0x00258d    program     extern /home/ortholeg/PIC/Ortholeg/firmware-usb-18f2550-helloworld/usb_descriptors.c
               USB_SD_Ptr   0x00258f    program     extern /home/ortholeg/PIC/Ortholeg/firmware-usb-18f2550-helloworld/usb_descriptors.c
USER_USB_CALLBACK_EVENT_HANDLER   0x002284    program     extern /home/ortholeg/PIC/Ortholeg/firmware-usb-18f2550-helloworld/main.c
                 UserInit   0x001fcc    program     extern /home/ortholeg/PIC/Ortholeg/firmware-usb-18f2550-helloworld/main.c
  YourHighPriorityISRCode   0x001d28    program     extern /home/ortholeg/PIC/Ortholeg/firmware-usb-18f2550-helloworld/main.c
   YourLowPriorityISRCode   0x001dbe    program     extern /home/ortholeg/PIC/Ortholeg/firmware-usb-18f2550-helloworld/main.c
              _2jContinue   0x0026c2    program     static C:\MCC18\v3_39\src\traditional\stdclib\memset.asm
                   _3jEnd   0x0026cc    program     static C:\MCC18\v3_39\src\traditional\stdclib\memset.asm
       ___return_lbl00000   0x000004    program     static                          
       ___return_lbl00000   0x001004    program     static                          
       ___return_lbl00001   0x00273e    program     static                          
       ___return_lbl00001   0x00100c    program     static                          
       ___return_lbl00002   0x002632    program     static                          
       ___return_lbl00002   0x00101c    program     static                          
       ___return_lbl00003   0x00000c    program     static                          
       ___return_lbl00004   0x00001c    program     static                          
               __config_0   0x300000    program     static /home/ortholeg/PIC/Ortholeg/firmware-usb-18f2550-helloworld/main.c
               __config_1   0x300001    program     static /home/ortholeg/PIC/Ortholeg/firmware-usb-18f2550-helloworld/main.c
              __config_10   0x30000c    program     static /home/ortholeg/PIC/Ortholeg/firmware-usb-18f2550-helloworld/main.c
              __config_11   0x30000d    program     static /home/ortholeg/PIC/Ortholeg/firmware-usb-18f2550-helloworld/main.c
               __config_2   0x300002    program     static /home/ortholeg/PIC/Ortholeg/firmware-usb-18f2550-helloworld/main.c
               __config_3   0x300003    program     static /home/ortholeg/PIC/Ortholeg/firmware-usb-18f2550-helloworld/main.c
               __config_4   0x300005    program     static /home/ortholeg/PIC/Ortholeg/firmware-usb-18f2550-helloworld/main.c
               __config_5   0x300006    program     static /home/ortholeg/PIC/Ortholeg/firmware-usb-18f2550-helloworld/main.c
               __config_6   0x300008    program     static /home/ortholeg/PIC/Ortholeg/firmware-usb-18f2550-helloworld/main.c
               __config_7   0x300009    program     static /home/ortholeg/PIC/Ortholeg/firmware-usb-18f2550-helloworld/main.c
               __config_8   0x30000a    program     static /home/ortholeg/PIC/Ortholeg/firmware-usb-18f2550-helloworld/main.c
               __config_9   0x30000b    program     static /home/ortholeg/PIC/Ortholeg/firmware-usb-18f2550-helloworld/main.c
                   __init   0x002760    program     extern C:\MCC18\v3_39\src\traditional\stdclib\__init.c
                   __pa_0   0x002312    program     static /home/ortholeg/PIC/Ortholeg/firmware-usb-18f2550-helloworld/main.c
                   __pa_0   0x001a9c    program     static /home/ortholeg/PIC/Ortholeg/firmware-usb-18f2550-helloworld/Microchip/USB/usb_device.c
                   __pa_1   0x001aa4    program     static /home/ortholeg/PIC/Ortholeg/firmware-usb-18f2550-helloworld/Microchip/USB/usb_device.c
                   __pa_1   0x002338    program     static /home/ortholeg/PIC/Ortholeg/firmware-usb-18f2550-helloworld/main.c
                  __pa_10   0x0023aa    program     static /home/ortholeg/PIC/Ortholeg/firmware-usb-18f2550-helloworld/main.c
                  __pa_10   0x001b02    program     static /home/ortholeg/PIC/Ortholeg/firmware-usb-18f2550-helloworld/Microchip/USB/usb_device.c
                  __pa_11   0x0023b8    program     static /home/ortholeg/PIC/Ortholeg/firmware-usb-18f2550-helloworld/main.c
                  __pa_11   0x001b16    program     static /home/ortholeg/PIC/Ortholeg/firmware-usb-18f2550-helloworld/Microchip/USB/usb_device.c
                  __pa_12   0x0023d2    program     static /home/ortholeg/PIC/Ortholeg/firmware-usb-18f2550-helloworld/main.c
                  __pa_12   0x001b20    program     static /home/ortholeg/PIC/Ortholeg/firmware-usb-18f2550-helloworld/Microchip/USB/usb_device.c
                  __pa_13   0x0023e4    program     static /home/ortholeg/PIC/Ortholeg/firmware-usb-18f2550-helloworld/main.c
                  __pa_13   0x001b40    program     static /home/ortholeg/PIC/Ortholeg/firmware-usb-18f2550-helloworld/Microchip/USB/usb_device.c
                  __pa_14   0x001b54    program     static /home/ortholeg/PIC/Ortholeg/firmware-usb-18f2550-helloworld/Microchip/USB/usb_device.c
                  __pa_14   0x0023f4    program     static /home/ortholeg/PIC/Ortholeg/firmware-usb-18f2550-helloworld/main.c
                  __pa_15   0x001b66    program     static /home/ortholeg/PIC/Ortholeg/firmware-usb-18f2550-helloworld/Microchip/USB/usb_device.c
                  __pa_15   0x0023fe    program     static /home/ortholeg/PIC/Ortholeg/firmware-usb-18f2550-helloworld/main.c
                  __pa_16   0x001b72    program     static /home/ortholeg/PIC/Ortholeg/firmware-usb-18f2550-helloworld/Microchip/USB/usb_device.c
                  __pa_17   0x001b8c    program     static /home/ortholeg/PIC/Ortholeg/firmware-usb-18f2550-helloworld/Microchip/USB/usb_device.c
                  __pa_18   0x001b98    program     static /home/ortholeg/PIC/Ortholeg/firmware-usb-18f2550-helloworld/Microchip/USB/usb_device.c
                  __pa_19   0x001ba4    program     static /home/ortholeg/PIC/Ortholeg/firmware-usb-18f2550-helloworld/Microchip/USB/usb_device.c
                   __pa_2   0x002354    program     static /home/ortholeg/PIC/Ortholeg/firmware-usb-18f2550-helloworld/main.c
                   __pa_2   0x001aae    program     static /home/ortholeg/PIC/Ortholeg/firmware-usb-18f2550-helloworld/Microchip/USB/usb_device.c
                  __pa_20   0x001bac    program     static /home/ortholeg/PIC/Ortholeg/firmware-usb-18f2550-helloworld/Microchip/USB/usb_device.c
                  __pa_21   0x001bb4    program     static /home/ortholeg/PIC/Ortholeg/firmware-usb-18f2550-helloworld/Microchip/USB/usb_device.c
                  __pa_22   0x001bc0    program     static /home/ortholeg/PIC/Ortholeg/firmware-usb-18f2550-helloworld/Microchip/USB/usb_device.c
                  __pa_23   0x001bd0    program     static /home/ortholeg/PIC/Ortholeg/firmware-usb-18f2550-helloworld/Microchip/USB/usb_device.c
                  __pa_24   0x001be0    program     static /home/ortholeg/PIC/Ortholeg/firmware-usb-18f2550-helloworld/Microchip/USB/usb_device.c
                  __pa_25   0x001bee    program     static /home/ortholeg/PIC/Ortholeg/firmware-usb-18f2550-helloworld/Microchip/USB/usb_device.c
                  __pa_26   0x001bfc    program     static /home/ortholeg/PIC/Ortholeg/firmware-usb-18f2550-helloworld/Microchip/USB/usb_device.c
                  __pa_27   0x001c0a    program     static /home/ortholeg/PIC/Ortholeg/firmware-usb-18f2550-helloworld/Microchip/USB/usb_device.c
                  __pa_28   0x001c18    program     static /home/ortholeg/PIC/Ortholeg/firmware-usb-18f2550-helloworld/Microchip/USB/usb_device.c
                  __pa_29   0x001c26    program     static /home/ortholeg/PIC/Ortholeg/firmware-usb-18f2550-helloworld/Microchip/USB/usb_device.c
                   __pa_3   0x002360    program     static /home/ortholeg/PIC/Ortholeg/firmware-usb-18f2550-helloworld/main.c
                   __pa_3   0x001ab6    program     static /home/ortholeg/PIC/Ortholeg/firmware-usb-18f2550-helloworld/Microchip/USB/usb_device.c
                  __pa_30   0x001c34    program     static /home/ortholeg/PIC/Ortholeg/firmware-usb-18f2550-helloworld/Microchip/USB/usb_device.c
                  __pa_31   0x001c3e    program     static /home/ortholeg/PIC/Ortholeg/firmware-usb-18f2550-helloworld/Microchip/USB/usb_device.c
                  __pa_32   0x001c56    program     static /home/ortholeg/PIC/Ortholeg/firmware-usb-18f2550-helloworld/Microchip/USB/usb_device.c
                  __pa_33   0x001c62    program     static /home/ortholeg/PIC/Ortholeg/firmware-usb-18f2550-helloworld/Microchip/USB/usb_device.c
                  __pa_34   0x001c6a    program     static /home/ortholeg/PIC/Ortholeg/firmware-usb-18f2550-helloworld/Microchip/USB/usb_device.c
                  __pa_35   0x001c7e    program     static /home/ortholeg/PIC/Ortholeg/firmware-usb-18f2550-helloworld/Microchip/USB/usb_device.c
                  __pa_36   0x001c8c    program     static /home/ortholeg/PIC/Ortholeg/firmware-usb-18f2550-helloworld/Microchip/USB/usb_device.c
                  __pa_37   0x001c96    program     static /home/ortholeg/PIC/Ortholeg/firmware-usb-18f2550-helloworld/Microchip/USB/usb_device.c
                  __pa_38   0x001ca0    program     static /home/ortholeg/PIC/Ortholeg/firmware-usb-18f2550-helloworld/Microchip/USB/usb_device.c
                  __pa_39   0x001ca8    program     static /home/ortholeg/PIC/Ortholeg/firmware-usb-18f2550-helloworld/Microchip/USB/usb_device.c
                   __pa_4   0x001ac0    program     static /home/ortholeg/PIC/Ortholeg/firmware-usb-18f2550-helloworld/Microchip/USB/usb_device.c
                   __pa_4   0x00236a    program     static /home/ortholeg/PIC/Ortholeg/firmware-usb-18f2550-helloworld/main.c
                  __pa_40   0x001cae    program     static /home/ortholeg/PIC/Ortholeg/firmware-usb-18f2550-helloworld/Microchip/USB/usb_device.c
                  __pa_41   0x001cbe    program     static /home/ortholeg/PIC/Ortholeg/firmware-usb-18f2550-helloworld/Microchip/USB/usb_device.c
                  __pa_42   0x001cc4    program     static /home/ortholeg/PIC/Ortholeg/firmware-usb-18f2550-helloworld/Microchip/USB/usb_device.c
                  __pa_43   0x001cd2    program     static /home/ortholeg/PIC/Ortholeg/firmware-usb-18f2550-helloworld/Microchip/USB/usb_device.c
                  __pa_44   0x001ce0    program     static /home/ortholeg/PIC/Ortholeg/firmware-usb-18f2550-helloworld/Microchip/USB/usb_device.c
                  __pa_45   0x001cee    program     static /home/ortholeg/PIC/Ortholeg/firmware-usb-18f2550-helloworld/Microchip/USB/usb_device.c
                  __pa_46   0x001cf8    program     static /home/ortholeg/PIC/Ortholeg/firmware-usb-18f2550-helloworld/Microchip/USB/usb_device.c
                  __pa_47   0x001d02    program     static /home/ortholeg/PIC/Ortholeg/firmware-usb-18f2550-helloworld/Microchip/USB/usb_device.c
                  __pa_48   0x001d0a    program     static /home/ortholeg/PIC/Ortholeg/firmware-usb-18f2550-helloworld/Microchip/USB/usb_device.c
                  __pa_49   0x001d16    program     static /home/ortholeg/PIC/Ortholeg/firmware-usb-18f2550-helloworld/Microchip/USB/usb_device.c
                   __pa_5   0x001aca    program     static /home/ortholeg/PIC/Ortholeg/firmware-usb-18f2550-helloworld/Microchip/USB/usb_device.c
                   __pa_5   0x002372    program     static /home/ortholeg/PIC/Ortholeg/firmware-usb-18f2550-helloworld/main.c
                  __pa_50   0x001d20    program     static /home/ortholeg/PIC/Ortholeg/firmware-usb-18f2550-helloworld/Microchip/USB/usb_device.c
                   __pa_6   0x001ad4    program     static /home/ortholeg/PIC/Ortholeg/firmware-usb-18f2550-helloworld/Microchip/USB/usb_device.c
                   __pa_6   0x002380    program     static /home/ortholeg/PIC/Ortholeg/firmware-usb-18f2550-helloworld/main.c
                   __pa_7   0x00238e    program     static /home/ortholeg/PIC/Ortholeg/firmware-usb-18f2550-helloworld/main.c
                   __pa_7   0x001adc    program     static /home/ortholeg/PIC/Ortholeg/firmware-usb-18f2550-helloworld/Microchip/USB/usb_device.c
                   __pa_8   0x002398    program     static /home/ortholeg/PIC/Ortholeg/firmware-usb-18f2550-helloworld/main.c
                   __pa_8   0x001aec    program     static /home/ortholeg/PIC/Ortholeg/firmware-usb-18f2550-helloworld/Microchip/USB/usb_device.c
                   __pa_9   0x0023a2    program     static /home/ortholeg/PIC/Ortholeg/firmware-usb-18f2550-helloworld/main.c
                   __pa_9   0x001af6    program     static /home/ortholeg/PIC/Ortholeg/firmware-usb-18f2550-helloworld/Microchip/USB/usb_device.c
              __tmplbl_24   0x001ad4    program     static                          
              __tmplbl_33   0x001ad4    program     static                          
              __tmplbl_36   0x001ad4    program     static                          
            __zero_memory   0x002704    program     extern C:\MCC18\v3_39\src\traditional\proc\p18F2550.asm
                _do_cinit   0x002596    program     extern C:\MCC18\v3_39\src\traditional\startup\c018i.c
                   _entry   0x000000    program     extern C:\MCC18\v3_39\src\traditional\startup\c018i.c
                   _reset   0x001000    program     extern /home/ortholeg/PIC/Ortholeg/firmware-usb-18f2550-helloworld/main.c
                 _startup   0x002724    program     extern C:\MCC18\v3_39\src\traditional\startup\c018i.c
                compare_l   0x00271a    program     static C:\MCC18\v3_39\src\traditional\proc\p18F2550.asm
        configDescriptor1   0x0024e2    program     extern /home/ortholeg/PIC/Ortholeg/firmware-usb-18f2550-helloworld/usb_descriptors.c
                copy_loop   0x002608    program     static                          
            copy_one_byte   0x00260e    program     static                          
               device_dsc   0x0024d0    program     extern /home/ortholeg/PIC/Ortholeg/firmware-usb-18f2550-helloworld/usb_descriptors.c
                     done   0x002632    program     static                          
             done_copying   0x00261c    program     static                          
                hid_rpt01   0x002571    program     extern /home/ortholeg/PIC/Ortholeg/firmware-usb-18f2550-helloworld/usb_descriptors.c
                     jEnd   0x0026d4    program     static C:\MCC18\v3_39\src\traditional\stdclib\memset.asm
                    jLoop   0x0026b6    program     static C:\MCC18\v3_39\src\traditional\stdclib\memset.asm
                     loop   0x002734    program     static                          
                   loop_h   0x002712    program     static C:\MCC18\v3_39\src\traditional\proc\p18F2550.asm
                   loop_l   0x00271c    program     static C:\MCC18\v3_39\src\traditional\proc\p18F2550.asm
                     main   0x001de0    program     extern /home/ortholeg/PIC/Ortholeg/firmware-usb-18f2550-helloworld/main.c
                   memset   0x0026a2    program     extern C:\MCC18\v3_39\src\traditional\stdclib\memset.asm
                    sd000   0x00250b    program     extern /home/ortholeg/PIC/Ortholeg/firmware-usb-18f2550-helloworld/usb_descriptors.c
                    sd001   0x00250f    program     extern /home/ortholeg/PIC/Ortholeg/firmware-usb-18f2550-helloworld/usb_descriptors.c
                    sd002   0x002543    program     extern /home/ortholeg/PIC/Ortholeg/firmware-usb-18f2550-helloworld/usb_descriptors.c
                     test   0x0025b0    program     static                          
               zero_block   0x002712    program     static C:\MCC18\v3_39\src\traditional\proc\p18F2550.asm
                   ADCON0   0x000fc2       data     extern C:\MCC18\v3_39\src\traditional\proc\p18F2550.asm
               ADCON0bits   0x000fc2       data     extern C:\MCC18\v3_39\src\traditional\proc\p18F2550.asm
                   ADCON1   0x000fc1       data     extern C:\MCC18\v3_39\src\traditional\proc\p18F2550.asm
               ADCON1bits   0x000fc1       data     extern C:\MCC18\v3_39\src\traditional\proc\p18F2550.asm
                   ADCON2   0x000fc0       data     extern C:\MCC18\v3_39\src\traditional\proc\p18F2550.asm
               ADCON2bits   0x000fc0       data     extern C:\MCC18\v3_39\src\traditional\proc\p18F2550.asm
                    ADRES   0x000fc3       data     extern C:\MCC18\v3_39\src\traditional\proc\p18F2550.asm
                   ADRESH   0x000fc4       data     extern C:\MCC18\v3_39\src\traditional\proc\p18F2550.asm
                   ADRESL   0x000fc3       data     extern C:\MCC18\v3_39\src\traditional\proc\p18F2550.asm
                  BAUDCON   0x000fb8       data     extern C:\MCC18\v3_39\src\traditional\proc\p18F2550.asm
              BAUDCONbits   0x000fb8       data     extern C:\MCC18\v3_39\src\traditional\proc\p18F2550.asm
                  BAUDCTL   0x000fb8       data     extern C:\MCC18\v3_39\src\traditional\proc\p18F2550.asm
              BAUDCTLbits   0x000fb8       data     extern C:\MCC18\v3_39\src\traditional\proc\p18F2550.asm
                      BDT   0x000400       data     extern /home/ortholeg/PIC/Ortholeg/firmware-usb-18f2550-helloworld/Microchip/USB/usb_device.c
                      BSR   0x000fe0       data     extern C:\MCC18\v3_39\src\traditional\proc\p18F2550.asm
       BothEP0OutUOWNsSet   0x000083       data     extern /home/ortholeg/PIC/Ortholeg/firmware-usb-18f2550-helloworld/Microchip/USB/usb_device.c
                   CCP1AS   0x000fb6       data     extern C:\MCC18\v3_39\src\traditional\proc\p18F2550.asm
               CCP1ASbits   0x000fb6       data     extern C:\MCC18\v3_39\src\traditional\proc\p18F2550.asm
                  CCP1CON   0x000fbd       data     extern C:\MCC18\v3_39\src\traditional\proc\p18F2550.asm
              CCP1CONbits   0x000fbd       data     extern C:\MCC18\v3_39\src\traditional\proc\p18F2550.asm
                  CCP1DEL   0x000fb7       data     extern C:\MCC18\v3_39\src\traditional\proc\p18F2550.asm
              CCP1DELbits   0x000fb7       data     extern C:\MCC18\v3_39\src\traditional\proc\p18F2550.asm
                  CCP2CON   0x000fba       data     extern C:\MCC18\v3_39\src\traditional\proc\p18F2550.asm
              CCP2CONbits   0x000fba       data     extern C:\MCC18\v3_39\src\traditional\proc\p18F2550.asm
                    CCPR1   0x000fbe       data     extern C:\MCC18\v3_39\src\traditional\proc\p18F2550.asm
                   CCPR1H   0x000fbf       data     extern C:\MCC18\v3_39\src\traditional\proc\p18F2550.asm
                   CCPR1L   0x000fbe       data     extern C:\MCC18\v3_39\src\traditional\proc\p18F2550.asm
                    CCPR2   0x000fbb       data     extern C:\MCC18\v3_39\src\traditional\proc\p18F2550.asm
                   CCPR2H   0x000fbc       data     extern C:\MCC18\v3_39\src\traditional\proc\p18F2550.asm
                   CCPR2L   0x000fbb       data     extern C:\MCC18\v3_39\src\traditional\proc\p18F2550.asm
                    CMCON   0x000fb4       data     extern C:\MCC18\v3_39\src\traditional\proc\p18F2550.asm
                CMCONbits   0x000fb4       data     extern C:\MCC18\v3_39\src\traditional\proc\p18F2550.asm
                   CVRCON   0x000fb5       data     extern C:\MCC18\v3_39\src\traditional\proc\p18F2550.asm
               CVRCONbits   0x000fb5       data     extern C:\MCC18\v3_39\src\traditional\proc\p18F2550.asm
              CtrlTrfData   0x000428       data     extern /home/ortholeg/PIC/Ortholeg/firmware-usb-18f2550-helloworld/Microchip/USB/usb_device.c
                     DDRA   0x000f92       data     extern C:\MCC18\v3_39\src\traditional\proc\p18F2550.asm
                 DDRAbits   0x000f92       data     extern C:\MCC18\v3_39\src\traditional\proc\p18F2550.asm
                     DDRB   0x000f93       data     extern C:\MCC18\v3_39\src\traditional\proc\p18F2550.asm
                 DDRBbits   0x000f93       data     extern C:\MCC18\v3_39\src\traditional\proc\p18F2550.asm
                     DDRC   0x000f94       data     extern C:\MCC18\v3_39\src\traditional\proc\p18F2550.asm
                 DDRCbits   0x000f94       data     extern C:\MCC18\v3_39\src\traditional\proc\p18F2550.asm
                  ECCP1AS   0x000fb6       data     extern C:\MCC18\v3_39\src\traditional\proc\p18F2550.asm
              ECCP1ASbits   0x000fb6       data     extern C:\MCC18\v3_39\src\traditional\proc\p18F2550.asm
                 ECCP1DEL   0x000fb7       data     extern C:\MCC18\v3_39\src\traditional\proc\p18F2550.asm
             ECCP1DELbits   0x000fb7       data     extern C:\MCC18\v3_39\src\traditional\proc\p18F2550.asm
                    EEADR   0x000fa9       data     extern C:\MCC18\v3_39\src\traditional\proc\p18F2550.asm
                   EECON1   0x000fa6       data     extern C:\MCC18\v3_39\src\traditional\proc\p18F2550.asm
               EECON1bits   0x000fa6       data     extern C:\MCC18\v3_39\src\traditional\proc\p18F2550.asm
                   EECON2   0x000fa7       data     extern C:\MCC18\v3_39\src\traditional\proc\p18F2550.asm
                   EEDATA   0x000fa8       data     extern C:\MCC18\v3_39\src\traditional\proc\p18F2550.asm
                     FSR0   0x000fe9       data     extern C:\MCC18\v3_39\src\traditional\proc\p18F2550.asm
                    FSR0H   0x000fea       data     extern C:\MCC18\v3_39\src\traditional\proc\p18F2550.asm
                    FSR0L   0x000fe9       data     extern C:\MCC18\v3_39\src\traditional\proc\p18F2550.asm
                     FSR1   0x000fe1       data     extern C:\MCC18\v3_39\src\traditional\proc\p18F2550.asm
                    FSR1H   0x000fe2       data     extern C:\MCC18\v3_39\src\traditional\proc\p18F2550.asm
                    FSR1L   0x000fe1       data     extern C:\MCC18\v3_39\src\traditional\proc\p18F2550.asm
                     FSR2   0x000fd9       data     extern C:\MCC18\v3_39\src\traditional\proc\p18F2550.asm
                    FSR2H   0x000fda       data     extern C:\MCC18\v3_39\src\traditional\proc\p18F2550.asm
                    FSR2L   0x000fd9       data     extern C:\MCC18\v3_39\src\traditional\proc\p18F2550.asm
                  HLVDCON   0x000fd2       data     extern C:\MCC18\v3_39\src\traditional\proc\p18F2550.asm
              HLVDCONbits   0x000fd2       data     extern C:\MCC18\v3_39\src\traditional\proc\p18F2550.asm
                    INDF0   0x000fef       data     extern C:\MCC18\v3_39\src\traditional\proc\p18F2550.asm
                    INDF1   0x000fe7       data     extern C:\MCC18\v3_39\src\traditional\proc\p18F2550.asm
                    INDF2   0x000fdf       data     extern C:\MCC18\v3_39\src\traditional\proc\p18F2550.asm
                   INTCON   0x000ff2       data     extern C:\MCC18\v3_39\src\traditional\proc\p18F2550.asm
                  INTCON2   0x000ff1       data     extern C:\MCC18\v3_39\src\traditional\proc\p18F2550.asm
              INTCON2bits   0x000ff1       data     extern C:\MCC18\v3_39\src\traditional\proc\p18F2550.asm
                  INTCON3   0x000ff0       data     extern C:\MCC18\v3_39\src\traditional\proc\p18F2550.asm
              INTCON3bits   0x000ff0       data     extern C:\MCC18\v3_39\src\traditional\proc\p18F2550.asm
               INTCONbits   0x000ff2       data     extern C:\MCC18\v3_39\src\traditional\proc\p18F2550.asm
                     IPR1   0x000f9f       data     extern C:\MCC18\v3_39\src\traditional\proc\p18F2550.asm
                 IPR1bits   0x000f9f       data     extern C:\MCC18\v3_39\src\traditional\proc\p18F2550.asm
                     IPR2   0x000fa2       data     extern C:\MCC18\v3_39\src\traditional\proc\p18F2550.asm
                 IPR2bits   0x000fa2       data     extern C:\MCC18\v3_39\src\traditional\proc\p18F2550.asm
                     LATA   0x000f89       data     extern C:\MCC18\v3_39\src\traditional\proc\p18F2550.asm
                 LATAbits   0x000f89       data     extern C:\MCC18\v3_39\src\traditional\proc\p18F2550.asm
                     LATB   0x000f8a       data     extern C:\MCC18\v3_39\src\traditional\proc\p18F2550.asm
                 LATBbits   0x000f8a       data     extern C:\MCC18\v3_39\src\traditional\proc\p18F2550.asm
                     LATC   0x000f8b       data     extern C:\MCC18\v3_39\src\traditional\proc\p18F2550.asm
                 LATCbits   0x000f8b       data     extern C:\MCC18\v3_39\src\traditional\proc\p18F2550.asm
                   LVDCON   0x000fd2       data     extern C:\MCC18\v3_39\src\traditional\proc\p18F2550.asm
               LVDCONbits   0x000fd2       data     extern C:\MCC18\v3_39\src\traditional\proc\p18F2550.asm
                   OSCCON   0x000fd3       data     extern C:\MCC18\v3_39\src\traditional\proc\p18F2550.asm
               OSCCONbits   0x000fd3       data     extern C:\MCC18\v3_39\src\traditional\proc\p18F2550.asm
                  OSCTUNE   0x000f9b       data     extern C:\MCC18\v3_39\src\traditional\proc\p18F2550.asm
              OSCTUNEbits   0x000f9b       data     extern C:\MCC18\v3_39\src\traditional\proc\p18F2550.asm
                       PC   0x000ff9       data     extern C:\MCC18\v3_39\src\traditional\proc\p18F2550.asm
                      PCL   0x000ff9       data     extern C:\MCC18\v3_39\src\traditional\proc\p18F2550.asm
                   PCLATH   0x000ffa       data     extern C:\MCC18\v3_39\src\traditional\proc\p18F2550.asm
                   PCLATU   0x000ffb       data     extern C:\MCC18\v3_39\src\traditional\proc\p18F2550.asm
                     PIE1   0x000f9d       data     extern C:\MCC18\v3_39\src\traditional\proc\p18F2550.asm
                 PIE1bits   0x000f9d       data     extern C:\MCC18\v3_39\src\traditional\proc\p18F2550.asm
                     PIE2   0x000fa0       data     extern C:\MCC18\v3_39\src\traditional\proc\p18F2550.asm
                 PIE2bits   0x000fa0       data     extern C:\MCC18\v3_39\src\traditional\proc\p18F2550.asm
                     PIR1   0x000f9e       data     extern C:\MCC18\v3_39\src\traditional\proc\p18F2550.asm
                 PIR1bits   0x000f9e       data     extern C:\MCC18\v3_39\src\traditional\proc\p18F2550.asm
                     PIR2   0x000fa1       data     extern C:\MCC18\v3_39\src\traditional\proc\p18F2550.asm
                 PIR2bits   0x000fa1       data     extern C:\MCC18\v3_39\src\traditional\proc\p18F2550.asm
                   PLUSW0   0x000feb       data     extern C:\MCC18\v3_39\src\traditional\proc\p18F2550.asm
                   PLUSW1   0x000fe3       data     extern C:\MCC18\v3_39\src\traditional\proc\p18F2550.asm
                   PLUSW2   0x000fdb       data     extern C:\MCC18\v3_39\src\traditional\proc\p18F2550.asm
                    PORTA   0x000f80       data     extern C:\MCC18\v3_39\src\traditional\proc\p18F2550.asm
                PORTAbits   0x000f80       data     extern C:\MCC18\v3_39\src\traditional\proc\p18F2550.asm
                    PORTB   0x000f81       data     extern C:\MCC18\v3_39\src\traditional\proc\p18F2550.asm
                PORTBbits   0x000f81       data     extern C:\MCC18\v3_39\src\traditional\proc\p18F2550.asm
                    PORTC   0x000f82       data     extern C:\MCC18\v3_39\src\traditional\proc\p18F2550.asm
                PORTCbits   0x000f82       data     extern C:\MCC18\v3_39\src\traditional\proc\p18F2550.asm
                    PORTE   0x000f84       data     extern C:\MCC18\v3_39\src\traditional\proc\p18F2550.asm
                PORTEbits   0x000f84       data     extern C:\MCC18\v3_39\src\traditional\proc\p18F2550.asm
                 POSTDEC0   0x000fed       data     extern C:\MCC18\v3_39\src\traditional\proc\p18F2550.asm
                 POSTDEC1   0x000fe5       data     extern C:\MCC18\v3_39\src\traditional\proc\p18F2550.asm
                 POSTDEC2   0x000fdd       data     extern C:\MCC18\v3_39\src\traditional\proc\p18F2550.asm
                 POSTINC0   0x000fee       data     extern C:\MCC18\v3_39\src\traditional\proc\p18F2550.asm
                 POSTINC1   0x000fe6       data     extern C:\MCC18\v3_39\src\traditional\proc\p18F2550.asm
                 POSTINC2   0x000fde       data     extern C:\MCC18\v3_39\src\traditional\proc\p18F2550.asm
                      PR2   0x000fcb       data     extern C:\MCC18\v3_39\src\traditional\proc\p18F2550.asm
                  PREINC0   0x000fec       data     extern C:\MCC18\v3_39\src\traditional\proc\p18F2550.asm
                  PREINC1   0x000fe4       data     extern C:\MCC18\v3_39\src\traditional\proc\p18F2550.asm
                  PREINC2   0x000fdc       data     extern C:\MCC18\v3_39\src\traditional\proc\p18F2550.asm
                     PROD   0x000ff3       data     extern C:\MCC18\v3_39\src\traditional\proc\p18F2550.asm
                    PRODH   0x000ff4       data     extern C:\MCC18\v3_39\src\traditional\proc\p18F2550.asm
                    PRODL   0x000ff3       data     extern C:\MCC18\v3_39\src\traditional\proc\p18F2550.asm
                     RCON   0x000fd0       data     extern C:\MCC18\v3_39\src\traditional\proc\p18F2550.asm
                 RCONbits   0x000fd0       data     extern C:\MCC18\v3_39\src\traditional\proc\p18F2550.asm
                    RCREG   0x000fae       data     extern C:\MCC18\v3_39\src\traditional\proc\p18F2550.asm
                    RCSTA   0x000fab       data     extern C:\MCC18\v3_39\src\traditional\proc\p18F2550.asm
                RCSTAbits   0x000fab       data     extern C:\MCC18\v3_39\src\traditional\proc\p18F2550.asm
       ReceivedDataBuffer   0x000500       data     extern /home/ortholeg/PIC/Ortholeg/firmware-usb-18f2550-helloworld/main.c
             RemoteWakeup   0x00007f       data     extern /home/ortholeg/PIC/Ortholeg/firmware-usb-18f2550-helloworld/Microchip/USB/usb_device.c
                     SIGN   0x000009       data     extern C:\MCC18\v3_39\src\traditional\math\cmath18.asm
                    SPBRG   0x000faf       data     extern C:\MCC18\v3_39\src\traditional\proc\p18F2550.asm
                   SPBRGH   0x000fb0       data     extern C:\MCC18\v3_39\src\traditional\proc\p18F2550.asm
                   SSPADD   0x000fc8       data     extern C:\MCC18\v3_39\src\traditional\proc\p18F2550.asm
                   SSPBUF   0x000fc9       data     extern C:\MCC18\v3_39\src\traditional\proc\p18F2550.asm
                  SSPCON1   0x000fc6       data     extern C:\MCC18\v3_39\src\traditional\proc\p18F2550.asm
              SSPCON1bits   0x000fc6       data     extern C:\MCC18\v3_39\src\traditional\proc\p18F2550.asm
                  SSPCON2   0x000fc5       data     extern C:\MCC18\v3_39\src\traditional\proc\p18F2550.asm
              SSPCON2bits   0x000fc5       data     extern C:\MCC18\v3_39\src\traditional\proc\p18F2550.asm
                  SSPSTAT   0x000fc7       data     extern C:\MCC18\v3_39\src\traditional\proc\p18F2550.asm
              SSPSTATbits   0x000fc7       data     extern C:\MCC18\v3_39\src\traditional\proc\p18F2550.asm
                   STATUS   0x000fd8       data     extern C:\MCC18\v3_39\src\traditional\proc\p18F2550.asm
               STATUSbits   0x000fd8       data     extern C:\MCC18\v3_39\src\traditional\proc\p18F2550.asm
                   STKPTR   0x000ffc       data     extern C:\MCC18\v3_39\src\traditional\proc\p18F2550.asm
               STKPTRbits   0x000ffc       data     extern C:\MCC18\v3_39\src\traditional\proc\p18F2550.asm
                 SetupPkt   0x000420       data     extern /home/ortholeg/PIC/Ortholeg/firmware-usb-18f2550-helloworld/Microchip/USB/usb_device.c
                    T0CON   0x000fd5       data     extern C:\MCC18\v3_39\src\traditional\proc\p18F2550.asm
                T0CONbits   0x000fd5       data     extern C:\MCC18\v3_39\src\traditional\proc\p18F2550.asm
                    T1CON   0x000fcd       data     extern C:\MCC18\v3_39\src\traditional\proc\p18F2550.asm
                T1CONbits   0x000fcd       data     extern C:\MCC18\v3_39\src\traditional\proc\p18F2550.asm
                    T2CON   0x000fca       data     extern C:\MCC18\v3_39\src\traditional\proc\p18F2550.asm
                T2CONbits   0x000fca       data     extern C:\MCC18\v3_39\src\traditional\proc\p18F2550.asm
                    T3CON   0x000fb1       data     extern C:\MCC18\v3_39\src\traditional\proc\p18F2550.asm
                T3CONbits   0x000fb1       data     extern C:\MCC18\v3_39\src\traditional\proc\p18F2550.asm
                   TABLAT   0x000ff5       data     extern C:\MCC18\v3_39\src\traditional\proc\p18F2550.asm
                   TBLPTR   0x000ff6       data     extern C:\MCC18\v3_39\src\traditional\proc\p18F2550.asm
                  TBLPTRH   0x000ff7       data     extern C:\MCC18\v3_39\src\traditional\proc\p18F2550.asm
                  TBLPTRL   0x000ff6       data     extern C:\MCC18\v3_39\src\traditional\proc\p18F2550.asm
                  TBLPTRU   0x000ff8       data     extern C:\MCC18\v3_39\src\traditional\proc\p18F2550.asm
                    TMR0H   0x000fd7       data     extern C:\MCC18\v3_39\src\traditional\proc\p18F2550.asm
                    TMR0L   0x000fd6       data     extern C:\MCC18\v3_39\src\traditional\proc\p18F2550.asm
                    TMR1H   0x000fcf       data     extern C:\MCC18\v3_39\src\traditional\proc\p18F2550.asm
                    TMR1L   0x000fce       data     extern C:\MCC18\v3_39\src\traditional\proc\p18F2550.asm
                     TMR2   0x000fcc       data     extern C:\MCC18\v3_39\src\traditional\proc\p18F2550.asm
                    TMR3H   0x000fb3       data     extern C:\MCC18\v3_39\src\traditional\proc\p18F2550.asm
                    TMR3L   0x000fb2       data     extern C:\MCC18\v3_39\src\traditional\proc\p18F2550.asm
                      TOS   0x000ffd       data     extern C:\MCC18\v3_39\src\traditional\proc\p18F2550.asm
                     TOSH   0x000ffe       data     extern C:\MCC18\v3_39\src\traditional\proc\p18F2550.asm
                     TOSL   0x000ffd       data     extern C:\MCC18\v3_39\src\traditional\proc\p18F2550.asm
                     TOSU   0x000fff       data     extern C:\MCC18\v3_39\src\traditional\proc\p18F2550.asm
                    TRISA   0x000f92       data     extern C:\MCC18\v3_39\src\traditional\proc\p18F2550.asm
                TRISAbits   0x000f92       data     extern C:\MCC18\v3_39\src\traditional\proc\p18F2550.asm
                    TRISB   0x000f93       data     extern C:\MCC18\v3_39\src\traditional\proc\p18F2550.asm
                TRISBbits   0x000f93       data     extern C:\MCC18\v3_39\src\traditional\proc\p18F2550.asm
                    TRISC   0x000f94       data     extern C:\MCC18\v3_39\src\traditional\proc\p18F2550.asm
                TRISCbits   0x000f94       data     extern C:\MCC18\v3_39\src\traditional\proc\p18F2550.asm
                    TXREG   0x000fad       data     extern C:\MCC18\v3_39\src\traditional\proc\p18F2550.asm
                    TXSTA   0x000fac       data     extern C:\MCC18\v3_39\src\traditional\proc\p18F2550.asm
                TXSTAbits   0x000fac       data     extern C:\MCC18\v3_39\src\traditional\proc\p18F2550.asm
         ToSendDataBuffer   0x000540       data     extern /home/ortholeg/PIC/Ortholeg/firmware-usb-18f2550-helloworld/main.c
                    UADDR   0x000f6e       data     extern C:\MCC18\v3_39\src\traditional\proc\p18F2550.asm
                UADDRbits   0x000f6e       data     extern C:\MCC18\v3_39\src\traditional\proc\p18F2550.asm
                     UCFG   0x000f6f       data     extern C:\MCC18\v3_39\src\traditional\proc\p18F2550.asm
                 UCFGbits   0x000f6f       data     extern C:\MCC18\v3_39\src\traditional\proc\p18F2550.asm
                     UCON   0x000f6d       data     extern C:\MCC18\v3_39\src\traditional\proc\p18F2550.asm
                 UCONbits   0x000f6d       data     extern C:\MCC18\v3_39\src\traditional\proc\p18F2550.asm
                     UEIE   0x000f6b       data     extern C:\MCC18\v3_39\src\traditional\proc\p18F2550.asm
                 UEIEbits   0x000f6b       data     extern C:\MCC18\v3_39\src\traditional\proc\p18F2550.asm
                     UEIR   0x000f6a       data     extern C:\MCC18\v3_39\src\traditional\proc\p18F2550.asm
                 UEIRbits   0x000f6a       data     extern C:\MCC18\v3_39\src\traditional\proc\p18F2550.asm
                     UEP0   0x000f70       data     extern C:\MCC18\v3_39\src\traditional\proc\p18F2550.asm
                 UEP0bits   0x000f70       data     extern C:\MCC18\v3_39\src\traditional\proc\p18F2550.asm
                     UEP1   0x000f71       data     extern C:\MCC18\v3_39\src\traditional\proc\p18F2550.asm
                    UEP10   0x000f7a       data     extern C:\MCC18\v3_39\src\traditional\proc\p18F2550.asm
                UEP10bits   0x000f7a       data     extern C:\MCC18\v3_39\src\traditional\proc\p18F2550.asm
                    UEP11   0x000f7b       data     extern C:\MCC18\v3_39\src\traditional\proc\p18F2550.asm
                UEP11bits   0x000f7b       data     extern C:\MCC18\v3_39\src\traditional\proc\p18F2550.asm
                    UEP12   0x000f7c       data     extern C:\MCC18\v3_39\src\traditional\proc\p18F2550.asm
                UEP12bits   0x000f7c       data     extern C:\MCC18\v3_39\src\traditional\proc\p18F2550.asm
                    UEP13   0x000f7d       data     extern C:\MCC18\v3_39\src\traditional\proc\p18F2550.asm
                UEP13bits   0x000f7d       data     extern C:\MCC18\v3_39\src\traditional\proc\p18F2550.asm
                    UEP14   0x000f7e       data     extern C:\MCC18\v3_39\src\traditional\proc\p18F2550.asm
                UEP14bits   0x000f7e       data     extern C:\MCC18\v3_39\src\traditional\proc\p18F2550.asm
                    UEP15   0x000f7f       data     extern C:\MCC18\v3_39\src\traditional\proc\p18F2550.asm
                UEP15bits   0x000f7f       data     extern C:\MCC18\v3_39\src\traditional\proc\p18F2550.asm
                 UEP1bits   0x000f71       data     extern C:\MCC18\v3_39\src\traditional\proc\p18F2550.asm
                     UEP2   0x000f72       data     extern C:\MCC18\v3_39\src\traditional\proc\p18F2550.asm
                 UEP2bits   0x000f72       data     extern C:\MCC18\v3_39\src\traditional\proc\p18F2550.asm
                     UEP3   0x000f73       data     extern C:\MCC18\v3_39\src\traditional\proc\p18F2550.asm
                 UEP3bits   0x000f73       data     extern C:\MCC18\v3_39\src\traditional\proc\p18F2550.asm
                     UEP4   0x000f74       data     extern C:\MCC18\v3_39\src\traditional\proc\p18F2550.asm
                 UEP4bits   0x000f74       data     extern C:\MCC18\v3_39\src\traditional\proc\p18F2550.asm
                     UEP5   0x000f75       data     extern C:\MCC18\v3_39\src\traditional\proc\p18F2550.asm
                 UEP5bits   0x000f75       data     extern C:\MCC18\v3_39\src\traditional\proc\p18F2550.asm
                     UEP6   0x000f76       data     extern C:\MCC18\v3_39\src\traditional\proc\p18F2550.asm
                 UEP6bits   0x000f76       data     extern C:\MCC18\v3_39\src\traditional\proc\p18F2550.asm
                     UEP7   0x000f77       data     extern C:\MCC18\v3_39\src\traditional\proc\p18F2550.asm
                 UEP7bits   0x000f77       data     extern C:\MCC18\v3_39\src\traditional\proc\p18F2550.asm
                     UEP8   0x000f78       data     extern C:\MCC18\v3_39\src\traditional\proc\p18F2550.asm
                 UEP8bits   0x000f78       data     extern C:\MCC18\v3_39\src\traditional\proc\p18F2550.asm
                     UEP9   0x000f79       data     extern C:\MCC18\v3_39\src\traditional\proc\p18F2550.asm
                 UEP9bits   0x000f79       data     extern C:\MCC18\v3_39\src\traditional\proc\p18F2550.asm
                     UFRM   0x000f66       data     extern C:\MCC18\v3_39\src\traditional\proc\p18F2550.asm
                    UFRMH   0x000f67       data     extern C:\MCC18\v3_39\src\traditional\proc\p18F2550.asm
                UFRMHbits   0x000f67       data     extern C:\MCC18\v3_39\src\traditional\proc\p18F2550.asm
                    UFRML   0x000f66       data     extern C:\MCC18\v3_39\src\traditional\proc\p18F2550.asm
                UFRMLbits   0x000f66       data     extern C:\MCC18\v3_39\src\traditional\proc\p18F2550.asm
                      UIE   0x000f69       data     extern C:\MCC18\v3_39\src\traditional\proc\p18F2550.asm
                  UIEbits   0x000f69       data     extern C:\MCC18\v3_39\src\traditional\proc\p18F2550.asm
                      UIR   0x000f68       data     extern C:\MCC18\v3_39\src\traditional\proc\p18F2550.asm
                  UIRbits   0x000f68       data     extern C:\MCC18\v3_39\src\traditional\proc\p18F2550.asm
   USBActiveConfiguration   0x000061       data     extern /home/ortholeg/PIC/Ortholeg/firmware-usb-18f2550-helloworld/Microchip/USB/usb_device.c
    USBAlternateInterface   0x000062       data     extern /home/ortholeg/PIC/Ortholeg/firmware-usb-18f2550-helloworld/Microchip/USB/usb_device.c
        USBBusIsSuspended   0x000080       data     extern /home/ortholeg/PIC/Ortholeg/firmware-usb-18f2550-helloworld/Microchip/USB/usb_device.c
USBDeferINDataStagePackets   0x00008c       data     extern /home/ortholeg/PIC/Ortholeg/firmware-usb-18f2550-helloworld/Microchip/USB/usb_device.c
USBDeferOUTDataStagePackets   0x00008d       data     extern /home/ortholeg/PIC/Ortholeg/firmware-usb-18f2550-helloworld/Microchip/USB/usb_device.c
USBDeferStatusStagePacket   0x000089       data     extern /home/ortholeg/PIC/Ortholeg/firmware-usb-18f2550-helloworld/Microchip/USB/usb_device.c
           USBDeviceState   0x000060       data     extern /home/ortholeg/PIC/Ortholeg/firmware-usb-18f2550-helloworld/Microchip/USB/usb_device.c
              USBInHandle   0x00009a       data     extern /home/ortholeg/PIC/Ortholeg/firmware-usb-18f2550-helloworld/main.c
             USBOutHandle   0x000098       data     extern /home/ortholeg/PIC/Ortholeg/firmware-usb-18f2550-helloworld/main.c
USBStatusStageEnabledFlag1   0x00008a       data     extern /home/ortholeg/PIC/Ortholeg/firmware-usb-18f2550-helloworld/Microchip/USB/usb_device.c
USBStatusStageEnabledFlag2   0x00008b       data     extern /home/ortholeg/PIC/Ortholeg/firmware-usb-18f2550-helloworld/Microchip/USB/usb_device.c
USBStatusStageTimeoutCounter   0x000088       data     extern /home/ortholeg/PIC/Ortholeg/firmware-usb-18f2550-helloworld/Microchip/USB/usb_device.c
                    USTAT   0x000f6c       data     extern C:\MCC18\v3_39\src\traditional\proc\p18F2550.asm
                USTATbits   0x000f6c       data     extern C:\MCC18\v3_39\src\traditional\proc\p18F2550.asm
                USTATcopy   0x000081       data     extern /home/ortholeg/PIC/Ortholeg/firmware-usb-18f2550-helloworld/Microchip/USB/usb_device.c
                   WDTCON   0x000fd1       data     extern C:\MCC18\v3_39\src\traditional\proc\p18F2550.asm
               WDTCONbits   0x000fd1       data     extern C:\MCC18\v3_39\src\traditional\proc\p18F2550.asm
                     WREG   0x000fe8       data     extern C:\MCC18\v3_39\src\traditional\proc\p18F2550.asm
                 __AARGB0   0x000007       data     extern C:\MCC18\v3_39\src\traditional\math\aarg.asm
                 __AARGB1   0x000006       data     extern C:\MCC18\v3_39\src\traditional\math\aarg.asm
                 __AARGB2   0x000005       data     extern C:\MCC18\v3_39\src\traditional\math\aarg.asm
                 __AARGB3   0x000004       data     extern C:\MCC18\v3_39\src\traditional\math\aarg.asm
                 __AARGB4   0x000003       data     extern C:\MCC18\v3_39\src\traditional\math\aarg.asm
                 __AARGB5   0x000002       data     extern C:\MCC18\v3_39\src\traditional\math\aarg.asm
                 __AARGB6   0x000001       data     extern C:\MCC18\v3_39\src\traditional\math\aarg.asm
                 __AARGB7   0x000000       data     extern C:\MCC18\v3_39\src\traditional\math\aarg.asm
                   __AEXP   0x000008       data     extern C:\MCC18\v3_39\src\traditional\math\aarg.asm
                __FPFLAGS   0x00000a       data     extern C:\MCC18\v3_39\src\traditional\math\cmath18.asm
            __FPFLAGSbits   0x00000a       data     extern C:\MCC18\v3_39\src\traditional\math\cmath18.asm
                  __REMB0   0x000003       data     extern C:\MCC18\v3_39\src\traditional\math\aarg.asm
                  __REMB1   0x000002       data     extern C:\MCC18\v3_39\src\traditional\math\aarg.asm
                  __REMB2   0x000001       data     extern C:\MCC18\v3_39\src\traditional\math\aarg.asm
                  __REMB3   0x000000       data     extern C:\MCC18\v3_39\src\traditional\math\aarg.asm
                  __tmp_0   0x00000b       data     static /home/ortholeg/PIC/Ortholeg/firmware-usb-18f2550-helloworld/main.c
                  __tmp_0   0x00000b       data     static C:\MCC18\v3_39\src\pmc_common\ADC\adcsetch.c
                  __tmp_0   0x00000b       data     static C:\MCC18\v3_39\src\pmc_common\ADC\adcread.c
                  __tmp_0   0x00000b       data     static C:\MCC18\v3_39\src\pmc_common\ADC\adcopen.c
                  __tmp_0   0x00000b       data     static /home/ortholeg/PIC/Ortholeg/firmware-usb-18f2550-helloworld/Microchip/USB/usb_device.c
          active_protocol   0x0000a0       data     extern /home/ortholeg/PIC/Ortholeg/firmware-usb-18f2550-helloworld/Microchip/USB/HID-Device-Driver/usb_function_hid.c
         blinkStatusValid   0x00009c       data     extern /home/ortholeg/PIC/Ortholeg/firmware-usb-18f2550-helloworld/main.c
     controlTransferState   0x000070       data     extern /home/ortholeg/PIC/Ortholeg/firmware-usb-18f2550-helloworld/Microchip/USB/usb_device.c
                curr_byte   0x000091       data     static C:\MCC18\v3_39\src\traditional\startup\c018i.c
               curr_entry   0x000093       data     static C:\MCC18\v3_39\src\traditional\startup\c018i.c
                 data_ptr   0x000095       data     static C:\MCC18\v3_39\src\traditional\startup\c018i.c
              delay_count   0x0000a1       data     static /home/ortholeg/PIC/Ortholeg/firmware-usb-18f2550-helloworld/main.c
          endpoint_number   0x000082       data     extern /home/ortholeg/PIC/Ortholeg/firmware-usb-18f2550-helloworld/Microchip/USB/usb_device.c
               ep_data_in   0x000084       data     extern /home/ortholeg/PIC/Ortholeg/firmware-usb-18f2550-helloworld/Microchip/USB/usb_device.c
              ep_data_out   0x000086       data     extern /home/ortholeg/PIC/Ortholeg/firmware-usb-18f2550-helloworld/Microchip/USB/usb_device.c
            hid_report_in   0x000433       data     extern /home/ortholeg/PIC/Ortholeg/firmware-usb-18f2550-helloworld/Microchip/USB/usb_device.c
           hid_report_out   0x000430       data     extern /home/ortholeg/PIC/Ortholeg/firmware-usb-18f2550-helloworld/Microchip/USB/usb_device.c
                idle_rate   0x00009f       data     extern /home/ortholeg/PIC/Ortholeg/firmware-usb-18f2550-helloworld/Microchip/USB/HID-Device-Driver/usb_function_hid.c
                  inPipes   0x000071       data     extern /home/ortholeg/PIC/Ortholeg/firmware-usb-18f2550-helloworld/Microchip/USB/usb_device.c
                led_count   0x00009d       data     static /home/ortholeg/PIC/Ortholeg/firmware-usb-18f2550-helloworld/main.c
                 outPipes   0x000076       data     extern /home/ortholeg/PIC/Ortholeg/firmware-usb-18f2550-helloworld/Microchip/USB/usb_device.c
   pBDTEntryEP0OutCurrent   0x000063       data     extern /home/ortholeg/PIC/Ortholeg/firmware-usb-18f2550-helloworld/Microchip/USB/usb_device.c
      pBDTEntryEP0OutNext   0x000065       data     extern /home/ortholeg/PIC/Ortholeg/firmware-usb-18f2550-helloworld/Microchip/USB/usb_device.c
              pBDTEntryIn   0x00006b       data     extern /home/ortholeg/PIC/Ortholeg/firmware-usb-18f2550-helloworld/Microchip/USB/usb_device.c
             pBDTEntryOut   0x000067       data     extern /home/ortholeg/PIC/Ortholeg/firmware-usb-18f2550-helloworld/Microchip/USB/usb_device.c
                     pDst   0x00007d       data     extern /home/ortholeg/PIC/Ortholeg/firmware-usb-18f2550-helloworld/Microchip/USB/usb_device.c
                     prom   0x00008e       data     static C:\MCC18\v3_39\src\traditional\startup\c018i.c
        shortPacketStatus   0x00006f       data     extern /home/ortholeg/PIC/Ortholeg/firmware-usb-18f2550-helloworld/Microchip/USB/usb_device.c



                              Symbols - Sorted by Address
                     Name    Address   Location    Storage File                     
                ---------  ---------  ---------  --------- ---------                
                   _entry   0x000000    program     extern C:\MCC18\v3_39\src\traditional\startup\c018i.c
       ___return_lbl00000   0x000004    program     static                          
                 High_ISR   0x000008    program     extern /home/ortholeg/PIC/Ortholeg/firmware-usb-18f2550-helloworld/main.c
       ___return_lbl00003   0x00000c    program     static                          
                  Low_ISR   0x000018    program     extern /home/ortholeg/PIC/Ortholeg/firmware-usb-18f2550-helloworld/main.c
       ___return_lbl00004   0x00001c    program     static                          
                   _reset   0x001000    program     extern /home/ortholeg/PIC/Ortholeg/firmware-usb-18f2550-helloworld/main.c
       ___return_lbl00000   0x001004    program     static                          
        Remapped_High_ISR   0x001008    program     extern /home/ortholeg/PIC/Ortholeg/firmware-usb-18f2550-helloworld/main.c
       ___return_lbl00001   0x00100c    program     static                          
         Remapped_Low_ISR   0x001018    program     extern /home/ortholeg/PIC/Ortholeg/firmware-usb-18f2550-helloworld/main.c
       ___return_lbl00002   0x00101c    program     static                          
            USBDeviceInit   0x001038    program     extern /home/ortholeg/PIC/Ortholeg/firmware-usb-18f2550-helloworld/Microchip/USB/usb_device.c
           USBDeviceTasks   0x0010d8    program     extern /home/ortholeg/PIC/Ortholeg/firmware-usb-18f2550-helloworld/Microchip/USB/usb_device.c
          USBStallHandler   0x0011f4    program     static /home/ortholeg/PIC/Ortholeg/firmware-usb-18f2550-helloworld/Microchip/USB/usb_device.c
               USBSuspend   0x00121a    program     static /home/ortholeg/PIC/Ortholeg/firmware-usb-18f2550-helloworld/Microchip/USB/usb_device.c
       USBWakeFromSuspend   0x001230    program     static /home/ortholeg/PIC/Ortholeg/firmware-usb-18f2550-helloworld/Microchip/USB/usb_device.c
         USBCtrlEPService   0x00124c    program     static /home/ortholeg/PIC/Ortholeg/firmware-usb-18f2550-helloworld/Microchip/USB/usb_device.c
   USBCtrlTrfSetupHandler   0x0012ec    program     static /home/ortholeg/PIC/Ortholeg/firmware-usb-18f2550-helloworld/Microchip/USB/usb_device.c
     USBCtrlTrfOutHandler   0x001326    program     static /home/ortholeg/PIC/Ortholeg/firmware-usb-18f2550-helloworld/Microchip/USB/usb_device.c
      USBCtrlTrfInHandler   0x001344    program     static /home/ortholeg/PIC/Ortholeg/firmware-usb-18f2550-helloworld/Microchip/USB/usb_device.c
       USBCheckStdRequest   0x0013ba    program     static /home/ortholeg/PIC/Ortholeg/firmware-usb-18f2550-helloworld/Microchip/USB/usb_device.c
  USBStdFeatureReqHandler   0x001462    program     static /home/ortholeg/PIC/Ortholeg/firmware-usb-18f2550-helloworld/Microchip/USB/usb_device.c
USBCtrlEPAllowStatusStage   0x00158e    program     extern /home/ortholeg/PIC/Ortholeg/firmware-usb-18f2550-helloworld/Microchip/USB/usb_device.c
  USBCtrlEPAllowDataStage   0x0015d8    program     extern /home/ortholeg/PIC/Ortholeg/firmware-usb-18f2550-helloworld/Microchip/USB/usb_device.c
      USBStdGetDscHandler   0x001612    program     static /home/ortholeg/PIC/Ortholeg/firmware-usb-18f2550-helloworld/Microchip/USB/usb_device.c
   USBStdGetStatusHandler   0x00168c    program     static /home/ortholeg/PIC/Ortholeg/firmware-usb-18f2550-helloworld/Microchip/USB/usb_device.c
 USBCtrlEPServiceComplete   0x001702    program     static /home/ortholeg/PIC/Ortholeg/firmware-usb-18f2550-helloworld/Microchip/USB/usb_device.c
      USBCtrlTrfTxService   0x00175c    program     static /home/ortholeg/PIC/Ortholeg/firmware-usb-18f2550-helloworld/Microchip/USB/usb_device.c
      USBCtrlTrfRxService   0x0017da    program     static /home/ortholeg/PIC/Ortholeg/firmware-usb-18f2550-helloworld/Microchip/USB/usb_device.c
      USBStdSetCfgHandler   0x0018a2    program     static /home/ortholeg/PIC/Ortholeg/firmware-usb-18f2550-helloworld/Microchip/USB/usb_device.c
     USBConfigureEndpoint   0x001914    program     static /home/ortholeg/PIC/Ortholeg/firmware-usb-18f2550-helloworld/Microchip/USB/usb_device.c
        USBEnableEndpoint   0x00196e    program     extern /home/ortholeg/PIC/Ortholeg/firmware-usb-18f2550-helloworld/Microchip/USB/usb_device.c
         USBStallEndpoint   0x0019aa    program     extern /home/ortholeg/PIC/Ortholeg/firmware-usb-18f2550-helloworld/Microchip/USB/usb_device.c
     USBTransferOnePacket   0x0019ce    program     extern /home/ortholeg/PIC/Ortholeg/firmware-usb-18f2550-helloworld/Microchip/USB/usb_device.c
              USBCancelIO   0x001a42    program     extern /home/ortholeg/PIC/Ortholeg/firmware-usb-18f2550-helloworld/Microchip/USB/usb_device.c
          USBDeviceDetach   0x001a6e    program     extern /home/ortholeg/PIC/Ortholeg/firmware-usb-18f2550-helloworld/Microchip/USB/usb_device.c
          USBDeviceAttach   0x001a78    program     extern /home/ortholeg/PIC/Ortholeg/firmware-usb-18f2550-helloworld/Microchip/USB/usb_device.c
                   __pa_0   0x001a9c    program     static /home/ortholeg/PIC/Ortholeg/firmware-usb-18f2550-helloworld/Microchip/USB/usb_device.c
                   __pa_1   0x001aa4    program     static /home/ortholeg/PIC/Ortholeg/firmware-usb-18f2550-helloworld/Microchip/USB/usb_device.c
                   __pa_2   0x001aae    program     static /home/ortholeg/PIC/Ortholeg/firmware-usb-18f2550-helloworld/Microchip/USB/usb_device.c
                   __pa_3   0x001ab6    program     static /home/ortholeg/PIC/Ortholeg/firmware-usb-18f2550-helloworld/Microchip/USB/usb_device.c
                   __pa_4   0x001ac0    program     static /home/ortholeg/PIC/Ortholeg/firmware-usb-18f2550-helloworld/Microchip/USB/usb_device.c
                   __pa_5   0x001aca    program     static /home/ortholeg/PIC/Ortholeg/firmware-usb-18f2550-helloworld/Microchip/USB/usb_device.c
              __tmplbl_24   0x001ad4    program     static                          
                   __pa_6   0x001ad4    program     static /home/ortholeg/PIC/Ortholeg/firmware-usb-18f2550-helloworld/Microchip/USB/usb_device.c
              __tmplbl_33   0x001ad4    program     static                          
              __tmplbl_36   0x001ad4    program     static                          
                   __pa_7   0x001adc    program     static /home/ortholeg/PIC/Ortholeg/firmware-usb-18f2550-helloworld/Microchip/USB/usb_device.c
                   __pa_8   0x001aec    program     static /home/ortholeg/PIC/Ortholeg/firmware-usb-18f2550-helloworld/Microchip/USB/usb_device.c
                   __pa_9   0x001af6    program     static /home/ortholeg/PIC/Ortholeg/firmware-usb-18f2550-helloworld/Microchip/USB/usb_device.c
                  __pa_10   0x001b02    program     static /home/ortholeg/PIC/Ortholeg/firmware-usb-18f2550-helloworld/Microchip/USB/usb_device.c
                  __pa_11   0x001b16    program     static /home/ortholeg/PIC/Ortholeg/firmware-usb-18f2550-helloworld/Microchip/USB/usb_device.c
                  __pa_12   0x001b20    program     static /home/ortholeg/PIC/Ortholeg/firmware-usb-18f2550-helloworld/Microchip/USB/usb_device.c
                  __pa_13   0x001b40    program     static /home/ortholeg/PIC/Ortholeg/firmware-usb-18f2550-helloworld/Microchip/USB/usb_device.c
                  __pa_14   0x001b54    program     static /home/ortholeg/PIC/Ortholeg/firmware-usb-18f2550-helloworld/Microchip/USB/usb_device.c
                  __pa_15   0x001b66    program     static /home/ortholeg/PIC/Ortholeg/firmware-usb-18f2550-helloworld/Microchip/USB/usb_device.c
                  __pa_16   0x001b72    program     static /home/ortholeg/PIC/Ortholeg/firmware-usb-18f2550-helloworld/Microchip/USB/usb_device.c
                  __pa_17   0x001b8c    program     static /home/ortholeg/PIC/Ortholeg/firmware-usb-18f2550-helloworld/Microchip/USB/usb_device.c
                  __pa_18   0x001b98    program     static /home/ortholeg/PIC/Ortholeg/firmware-usb-18f2550-helloworld/Microchip/USB/usb_device.c
                  __pa_19   0x001ba4    program     static /home/ortholeg/PIC/Ortholeg/firmware-usb-18f2550-helloworld/Microchip/USB/usb_device.c
                  __pa_20   0x001bac    program     static /home/ortholeg/PIC/Ortholeg/firmware-usb-18f2550-helloworld/Microchip/USB/usb_device.c
                  __pa_21   0x001bb4    program     static /home/ortholeg/PIC/Ortholeg/firmware-usb-18f2550-helloworld/Microchip/USB/usb_device.c
                  __pa_22   0x001bc0    program     static /home/ortholeg/PIC/Ortholeg/firmware-usb-18f2550-helloworld/Microchip/USB/usb_device.c
                  __pa_23   0x001bd0    program     static /home/ortholeg/PIC/Ortholeg/firmware-usb-18f2550-helloworld/Microchip/USB/usb_device.c
                  __pa_24   0x001be0    program     static /home/ortholeg/PIC/Ortholeg/firmware-usb-18f2550-helloworld/Microchip/USB/usb_device.c
                  __pa_25   0x001bee    program     static /home/ortholeg/PIC/Ortholeg/firmware-usb-18f2550-helloworld/Microchip/USB/usb_device.c
                  __pa_26   0x001bfc    program     static /home/ortholeg/PIC/Ortholeg/firmware-usb-18f2550-helloworld/Microchip/USB/usb_device.c
                  __pa_27   0x001c0a    program     static /home/ortholeg/PIC/Ortholeg/firmware-usb-18f2550-helloworld/Microchip/USB/usb_device.c
                  __pa_28   0x001c18    program     static /home/ortholeg/PIC/Ortholeg/firmware-usb-18f2550-helloworld/Microchip/USB/usb_device.c
                  __pa_29   0x001c26    program     static /home/ortholeg/PIC/Ortholeg/firmware-usb-18f2550-helloworld/Microchip/USB/usb_device.c
                  __pa_30   0x001c34    program     static /home/ortholeg/PIC/Ortholeg/firmware-usb-18f2550-helloworld/Microchip/USB/usb_device.c
                  __pa_31   0x001c3e    program     static /home/ortholeg/PIC/Ortholeg/firmware-usb-18f2550-helloworld/Microchip/USB/usb_device.c
                  __pa_32   0x001c56    program     static /home/ortholeg/PIC/Ortholeg/firmware-usb-18f2550-helloworld/Microchip/USB/usb_device.c
                  __pa_33   0x001c62    program     static /home/ortholeg/PIC/Ortholeg/firmware-usb-18f2550-helloworld/Microchip/USB/usb_device.c
                  __pa_34   0x001c6a    program     static /home/ortholeg/PIC/Ortholeg/firmware-usb-18f2550-helloworld/Microchip/USB/usb_device.c
                  __pa_35   0x001c7e    program     static /home/ortholeg/PIC/Ortholeg/firmware-usb-18f2550-helloworld/Microchip/USB/usb_device.c
                  __pa_36   0x001c8c    program     static /home/ortholeg/PIC/Ortholeg/firmware-usb-18f2550-helloworld/Microchip/USB/usb_device.c
                  __pa_37   0x001c96    program     static /home/ortholeg/PIC/Ortholeg/firmware-usb-18f2550-helloworld/Microchip/USB/usb_device.c
                  __pa_38   0x001ca0    program     static /home/ortholeg/PIC/Ortholeg/firmware-usb-18f2550-helloworld/Microchip/USB/usb_device.c
                  __pa_39   0x001ca8    program     static /home/ortholeg/PIC/Ortholeg/firmware-usb-18f2550-helloworld/Microchip/USB/usb_device.c
                  __pa_40   0x001cae    program     static /home/ortholeg/PIC/Ortholeg/firmware-usb-18f2550-helloworld/Microchip/USB/usb_device.c
                  __pa_41   0x001cbe    program     static /home/ortholeg/PIC/Ortholeg/firmware-usb-18f2550-helloworld/Microchip/USB/usb_device.c
                  __pa_42   0x001cc4    program     static /home/ortholeg/PIC/Ortholeg/firmware-usb-18f2550-helloworld/Microchip/USB/usb_device.c
                  __pa_43   0x001cd2    program     static /home/ortholeg/PIC/Ortholeg/firmware-usb-18f2550-helloworld/Microchip/USB/usb_device.c
                  __pa_44   0x001ce0    program     static /home/ortholeg/PIC/Ortholeg/firmware-usb-18f2550-helloworld/Microchip/USB/usb_device.c
                  __pa_45   0x001cee    program     static /home/ortholeg/PIC/Ortholeg/firmware-usb-18f2550-helloworld/Microchip/USB/usb_device.c
                  __pa_46   0x001cf8    program     static /home/ortholeg/PIC/Ortholeg/firmware-usb-18f2550-helloworld/Microchip/USB/usb_device.c
                  __pa_47   0x001d02    program     static /home/ortholeg/PIC/Ortholeg/firmware-usb-18f2550-helloworld/Microchip/USB/usb_device.c
                  __pa_48   0x001d0a    program     static /home/ortholeg/PIC/Ortholeg/firmware-usb-18f2550-helloworld/Microchip/USB/usb_device.c
                  __pa_49   0x001d16    program     static /home/ortholeg/PIC/Ortholeg/firmware-usb-18f2550-helloworld/Microchip/USB/usb_device.c
                  __pa_50   0x001d20    program     static /home/ortholeg/PIC/Ortholeg/firmware-usb-18f2550-helloworld/Microchip/USB/usb_device.c
  YourHighPriorityISRCode   0x001d28    program     extern /home/ortholeg/PIC/Ortholeg/firmware-usb-18f2550-helloworld/main.c
   YourLowPriorityISRCode   0x001dbe    program     extern /home/ortholeg/PIC/Ortholeg/firmware-usb-18f2550-helloworld/main.c
                     main   0x001de0    program     extern /home/ortholeg/PIC/Ortholeg/firmware-usb-18f2550-helloworld/main.c
              ReadSensors   0x001e10    program     extern /home/ortholeg/PIC/Ortholeg/firmware-usb-18f2550-helloworld/main.c
                  Potenci   0x001eb0    program     extern /home/ortholeg/PIC/Ortholeg/firmware-usb-18f2550-helloworld/main.c
                Amperimet   0x001f18    program     extern /home/ortholeg/PIC/Ortholeg/firmware-usb-18f2550-helloworld/main.c
         InitializeSystem   0x001fc2    program     static /home/ortholeg/PIC/Ortholeg/firmware-usb-18f2550-helloworld/main.c
                 UserInit   0x001fcc    program     extern /home/ortholeg/PIC/Ortholeg/firmware-usb-18f2550-helloworld/main.c
                ProcessIO   0x001fe6    program     extern /home/ortholeg/PIC/Ortholeg/firmware-usb-18f2550-helloworld/main.c
                  ReadPOT   0x002172    program     extern /home/ortholeg/PIC/Ortholeg/firmware-usb-18f2550-helloworld/main.c
           BlinkUSBStatus   0x00219c    program     extern /home/ortholeg/PIC/Ortholeg/firmware-usb-18f2550-helloworld/main.c
             USBCBSuspend   0x00221a    program     extern /home/ortholeg/PIC/Ortholeg/firmware-usb-18f2550-helloworld/main.c
     USBCBWakeFromSuspend   0x00221c    program     extern /home/ortholeg/PIC/Ortholeg/firmware-usb-18f2550-helloworld/main.c
        USBCB_SOF_Handler   0x00221e    program     extern /home/ortholeg/PIC/Ortholeg/firmware-usb-18f2550-helloworld/main.c
        USBCBErrorHandler   0x002220    program     extern /home/ortholeg/PIC/Ortholeg/firmware-usb-18f2550-helloworld/main.c
       USBCBCheckOtherReq   0x002222    program     extern /home/ortholeg/PIC/Ortholeg/firmware-usb-18f2550-helloworld/main.c
    USBCBStdSetDscHandler   0x002226    program     extern /home/ortholeg/PIC/Ortholeg/firmware-usb-18f2550-helloworld/main.c
              USBCBInitEP   0x002228    program     extern /home/ortholeg/PIC/Ortholeg/firmware-usb-18f2550-helloworld/main.c
          USBCBSendResume   0x00223c    program     extern /home/ortholeg/PIC/Ortholeg/firmware-usb-18f2550-helloworld/main.c
USER_USB_CALLBACK_EVENT_HANDLER   0x002284    program     extern /home/ortholeg/PIC/Ortholeg/firmware-usb-18f2550-helloworld/main.c
                   __pa_0   0x002312    program     static /home/ortholeg/PIC/Ortholeg/firmware-usb-18f2550-helloworld/main.c
                   __pa_1   0x002338    program     static /home/ortholeg/PIC/Ortholeg/firmware-usb-18f2550-helloworld/main.c
                   __pa_2   0x002354    program     static /home/ortholeg/PIC/Ortholeg/firmware-usb-18f2550-helloworld/main.c
                   __pa_3   0x002360    program     static /home/ortholeg/PIC/Ortholeg/firmware-usb-18f2550-helloworld/main.c
                   __pa_4   0x00236a    program     static /home/ortholeg/PIC/Ortholeg/firmware-usb-18f2550-helloworld/main.c
                   __pa_5   0x002372    program     static /home/ortholeg/PIC/Ortholeg/firmware-usb-18f2550-helloworld/main.c
                   __pa_6   0x002380    program     static /home/ortholeg/PIC/Ortholeg/firmware-usb-18f2550-helloworld/main.c
                   __pa_7   0x00238e    program     static /home/ortholeg/PIC/Ortholeg/firmware-usb-18f2550-helloworld/main.c
                   __pa_8   0x002398    program     static /home/ortholeg/PIC/Ortholeg/firmware-usb-18f2550-helloworld/main.c
                   __pa_9   0x0023a2    program     static /home/ortholeg/PIC/Ortholeg/firmware-usb-18f2550-helloworld/main.c
                  __pa_10   0x0023aa    program     static /home/ortholeg/PIC/Ortholeg/firmware-usb-18f2550-helloworld/main.c
                  __pa_11   0x0023b8    program     static /home/ortholeg/PIC/Ortholeg/firmware-usb-18f2550-helloworld/main.c
                  __pa_12   0x0023d2    program     static /home/ortholeg/PIC/Ortholeg/firmware-usb-18f2550-helloworld/main.c
                  __pa_13   0x0023e4    program     static /home/ortholeg/PIC/Ortholeg/firmware-usb-18f2550-helloworld/main.c
[...]
                    UEP10   0x000f7a       data     extern C:\MCC18\v3_39\src\traditional\proc\p18F2550.asm
                UEP11bits   0x000f7b       data     extern C:\MCC18\v3_39\src\traditional\proc\p18F2550.asm
                    UEP11   0x000f7b       data     extern C:\MCC18\v3_39\src\traditional\proc\p18F2550.asm
                UEP12bits   0x000f7c       data     extern C:\MCC18\v3_39\src\traditional\proc\p18F2550.asm
                    UEP12   0x000f7c       data     extern C:\MCC18\v3_39\src\traditional\proc\p18F2550.asm
                    UEP13   0x000f7d       data     extern C:\MCC18\v3_39\src\traditional\proc\p18F2550.asm
                UEP13bits   0x000f7d       data     extern C:\MCC18\v3_39\src\traditional\proc\p18F2550.asm
                    UEP14   0x000f7e       data     extern C:\MCC18\v3_39\src\traditional\proc\p18F2550.asm
                UEP14bits   0x000f7e       data     extern C:\MCC18\v3_39\src\traditional\proc\p18F2550.asm
                    UEP15   0x000f7f       data     extern C:\MCC18\v3_39\src\traditional\proc\p18F2550.asm
                UEP15bits   0x000f7f       data     extern C:\MCC18\v3_39\src\traditional\proc\p18F2550.asm
                PORTAbits   0x000f80       data     extern C:\MCC18\v3_39\src\traditional\proc\p18F2550.asm
                    PORTA   0x000f80       data     extern C:\MCC18\v3_39\src\traditional\proc\p18F2550.asm
                PORTBbits   0x000f81       data     extern C:\MCC18\v3_39\src\traditional\proc\p18F2550.asm
                    PORTB   0x000f81       data     extern C:\MCC18\v3_39\src\traditional\proc\p18F2550.asm
                PORTCbits   0x000f82       data     extern C:\MCC18\v3_39\src\traditional\proc\p18F2550.asm
                    PORTC   0x000f82       data     extern C:\MCC18\v3_39\src\traditional\proc\p18F2550.asm
                PORTEbits   0x000f84       data     extern C:\MCC18\v3_39\src\traditional\proc\p18F2550.asm
                    PORTE   0x000f84       data     extern C:\MCC18\v3_39\src\traditional\proc\p18F2550.asm
                 LATAbits   0x000f89       data     extern C:\MCC18\v3_39\src\traditional\proc\p18F2550.asm
                     LATA   0x000f89       data     extern C:\MCC18\v3_39\src\traditional\proc\p18F2550.asm
                 LATBbits   0x000f8a       data     extern C:\MCC18\v3_39\src\traditional\proc\p18F2550.asm
                     LATB   0x000f8a       data     extern C:\MCC18\v3_39\src\traditional\proc\p18F2550.asm
                 LATCbits   0x000f8b       data     extern C:\MCC18\v3_39\src\traditional\proc\p18F2550.asm
                     LATC   0x000f8b       data     extern C:\MCC18\v3_39\src\traditional\proc\p18F2550.asm
                     DDRA   0x000f92       data     extern C:\MCC18\v3_39\src\traditional\proc\p18F2550.asm
                    TRISA   0x000f92       data     extern C:\MCC18\v3_39\src\traditional\proc\p18F2550.asm
                 DDRAbits   0x000f92       data     extern C:\MCC18\v3_39\src\traditional\proc\p18F2550.asm
                TRISAbits   0x000f92       data     extern C:\MCC18\v3_39\src\traditional\proc\p18F2550.asm
                 DDRBbits   0x000f93       data     extern C:\MCC18\v3_39\src\traditional\proc\p18F2550.asm
                     DDRB   0x000f93       data     extern C:\MCC18\v3_39\src\traditional\proc\p18F2550.asm
                    TRISB   0x000f93       data     extern C:\MCC18\v3_39\src\traditional\proc\p18F2550.asm
                TRISBbits   0x000f93       data     extern C:\MCC18\v3_39\src\traditional\proc\p18F2550.asm
                     DDRC   0x000f94       data     extern C:\MCC18\v3_39\src\traditional\proc\p18F2550.asm
                 DDRCbits   0x000f94       data     extern C:\MCC18\v3_39\src\traditional\proc\p18F2550.asm
                    TRISC   0x000f94       data     extern C:\MCC18\v3_39\src\traditional\proc\p18F2550.asm
                TRISCbits   0x000f94       data     extern C:\MCC18\v3_39\src\traditional\proc\p18F2550.asm
                  OSCTUNE   0x000f9b       data     extern C:\MCC18\v3_39\src\traditional\proc\p18F2550.asm
              OSCTUNEbits   0x000f9b       data     extern C:\MCC18\v3_39\src\traditional\proc\p18F2550.asm
                     PIE1   0x000f9d       data     extern C:\MCC18\v3_39\src\traditional\proc\p18F2550.asm
                 PIE1bits   0x000f9d       data     extern C:\MCC18\v3_39\src\traditional\proc\p18F2550.asm
                     PIR1   0x000f9e       data     extern C:\MCC18\v3_39\src\traditional\proc\p18F2550.asm
                 PIR1bits   0x000f9e       data     extern C:\MCC18\v3_39\src\traditional\proc\p18F2550.asm
                     IPR1   0x000f9f       data     extern C:\MCC18\v3_39\src\traditional\proc\p18F2550.asm
                 IPR1bits   0x000f9f       data     extern C:\MCC18\v3_39\src\traditional\proc\p18F2550.asm
                 PIE2bits   0x000fa0       data     extern C:\MCC18\v3_39\src\traditional\proc\p18F2550.asm
                     PIE2   0x000fa0       data     extern C:\MCC18\v3_39\src\traditional\proc\p18F2550.asm
                 PIR2bits   0x000fa1       data     extern C:\MCC18\v3_39\src\traditional\proc\p18F2550.asm
                     PIR2   0x000fa1       data     extern C:\MCC18\v3_39\src\traditional\proc\p18F2550.asm
                 IPR2bits   0x000fa2       data     extern C:\MCC18\v3_39\src\traditional\proc\p18F2550.asm
                     IPR2   0x000fa2       data     extern C:\MCC18\v3_39\src\traditional\proc\p18F2550.asm
                   EECON1   0x000fa6       data     extern C:\MCC18\v3_39\src\traditional\proc\p18F2550.asm
               EECON1bits   0x000fa6       data     extern C:\MCC18\v3_39\src\traditional\proc\p18F2550.asm
                   EECON2   0x000fa7       data     extern C:\MCC18\v3_39\src\traditional\proc\p18F2550.asm
                   EEDATA   0x000fa8       data     extern C:\MCC18\v3_39\src\traditional\proc\p18F2550.asm
                    EEADR   0x000fa9       data     extern C:\MCC18\v3_39\src\traditional\proc\p18F2550.asm
                    RCSTA   0x000fab       data     extern C:\MCC18\v3_39\src\traditional\proc\p18F2550.asm
                RCSTAbits   0x000fab       data     extern C:\MCC18\v3_39\src\traditional\proc\p18F2550.asm
                    TXSTA   0x000fac       data     extern C:\MCC18\v3_39\src\traditional\proc\p18F2550.asm
                TXSTAbits   0x000fac       data     extern C:\MCC18\v3_39\src\traditional\proc\p18F2550.asm
                    TXREG   0x000fad       data     extern C:\MCC18\v3_39\src\traditional\proc\p18F2550.asm
                    RCREG   0x000fae       data     extern C:\MCC18\v3_39\src\traditional\proc\p18F2550.asm
                    SPBRG   0x000faf       data     extern C:\MCC18\v3_39\src\traditional\proc\p18F2550.asm
                   SPBRGH   0x000fb0       data     extern C:\MCC18\v3_39\src\traditional\proc\p18F2550.asm
                T3CONbits   0x000fb1       data     extern C:\MCC18\v3_39\src\traditional\proc\p18F2550.asm
                    T3CON   0x000fb1       data     extern C:\MCC18\v3_39\src\traditional\proc\p18F2550.asm
                    TMR3L   0x000fb2       data     extern C:\MCC18\v3_39\src\traditional\proc\p18F2550.asm
                    TMR3H   0x000fb3       data     extern C:\MCC18\v3_39\src\traditional\proc\p18F2550.asm
                CMCONbits   0x000fb4       data     extern C:\MCC18\v3_39\src\traditional\proc\p18F2550.asm
                    CMCON   0x000fb4       data     extern C:\MCC18\v3_39\src\traditional\proc\p18F2550.asm
               CVRCONbits   0x000fb5       data     extern C:\MCC18\v3_39\src\traditional\proc\p18F2550.asm
                   CVRCON   0x000fb5       data     extern C:\MCC18\v3_39\src\traditional\proc\p18F2550.asm
               CCP1ASbits   0x000fb6       data     extern C:\MCC18\v3_39\src\traditional\proc\p18F2550.asm
                   CCP1AS   0x000fb6       data     extern C:\MCC18\v3_39\src\traditional\proc\p18F2550.asm
                  ECCP1AS   0x000fb6       data     extern C:\MCC18\v3_39\src\traditional\proc\p18F2550.asm
              ECCP1ASbits   0x000fb6       data     extern C:\MCC18\v3_39\src\traditional\proc\p18F2550.asm
              CCP1DELbits   0x000fb7       data     extern C:\MCC18\v3_39\src\traditional\proc\p18F2550.asm
                  CCP1DEL   0x000fb7       data     extern C:\MCC18\v3_39\src\traditional\proc\p18F2550.asm
             ECCP1DELbits   0x000fb7       data     extern C:\MCC18\v3_39\src\traditional\proc\p18F2550.asm
                 ECCP1DEL   0x000fb7       data     extern C:\MCC18\v3_39\src\traditional\proc\p18F2550.asm
                  BAUDCON   0x000fb8       data     extern C:\MCC18\v3_39\src\traditional\proc\p18F2550.asm
              BAUDCONbits   0x000fb8       data     extern C:\MCC18\v3_39\src\traditional\proc\p18F2550.asm
                  BAUDCTL   0x000fb8       data     extern C:\MCC18\v3_39\src\traditional\proc\p18F2550.asm
              BAUDCTLbits   0x000fb8       data     extern C:\MCC18\v3_39\src\traditional\proc\p18F2550.asm
              CCP2CONbits   0x000fba       data     extern C:\MCC18\v3_39\src\traditional\proc\p18F2550.asm
                  CCP2CON   0x000fba       data     extern C:\MCC18\v3_39\src\traditional\proc\p18F2550.asm
                   CCPR2L   0x000fbb       data     extern C:\MCC18\v3_39\src\traditional\proc\p18F2550.asm
                    CCPR2   0x000fbb       data     extern C:\MCC18\v3_39\src\traditional\proc\p18F2550.asm
                   CCPR2H   0x000fbc       data     extern C:\MCC18\v3_39\src\traditional\proc\p18F2550.asm
                  CCP1CON   0x000fbd       data     extern C:\MCC18\v3_39\src\traditional\proc\p18F2550.asm
              CCP1CONbits   0x000fbd       data     extern C:\MCC18\v3_39\src\traditional\proc\p18F2550.asm
                    CCPR1   0x000fbe       data     extern C:\MCC18\v3_39\src\traditional\proc\p18F2550.asm
                   CCPR1L   0x000fbe       data     extern C:\MCC18\v3_39\src\traditional\proc\p18F2550.asm
                   CCPR1H   0x000fbf       data     extern C:\MCC18\v3_39\src\traditional\proc\p18F2550.asm
               ADCON2bits   0x000fc0       data     extern C:\MCC18\v3_39\src\traditional\proc\p18F2550.asm
                   ADCON2   0x000fc0       data     extern C:\MCC18\v3_39\src\traditional\proc\p18F2550.asm
               ADCON1bits   0x000fc1       data     extern C:\MCC18\v3_39\src\traditional\proc\p18F2550.asm
                   ADCON1   0x000fc1       data     extern C:\MCC18\v3_39\src\traditional\proc\p18F2550.asm
                   ADCON0   0x000fc2       data     extern C:\MCC18\v3_39\src\traditional\proc\p18F2550.asm
               ADCON0bits   0x000fc2       data     extern C:\MCC18\v3_39\src\traditional\proc\p18F2550.asm
                    ADRES   0x000fc3       data     extern C:\MCC18\v3_39\src\traditional\proc\p18F2550.asm
                   ADRESL   0x000fc3       data     extern C:\MCC18\v3_39\src\traditional\proc\p18F2550.asm
                   ADRESH   0x000fc4       data     extern C:\MCC18\v3_39\src\traditional\proc\p18F2550.asm
                  SSPCON2   0x000fc5       data     extern C:\MCC18\v3_39\src\traditional\proc\p18F2550.asm
              SSPCON2bits   0x000fc5       data     extern C:\MCC18\v3_39\src\traditional\proc\p18F2550.asm
                  SSPCON1   0x000fc6       data     extern C:\MCC18\v3_39\src\traditional\proc\p18F2550.asm
              SSPCON1bits   0x000fc6       data     extern C:\MCC18\v3_39\src\traditional\proc\p18F2550.asm
              SSPSTATbits   0x000fc7       data     extern C:\MCC18\v3_39\src\traditional\proc\p18F2550.asm
                  SSPSTAT   0x000fc7       data     extern C:\MCC18\v3_39\src\traditional\proc\p18F2550.asm
                   SSPADD   0x000fc8       data     extern C:\MCC18\v3_39\src\traditional\proc\p18F2550.asm
                   SSPBUF   0x000fc9       data     extern C:\MCC18\v3_39\src\traditional\proc\p18F2550.asm
                T2CONbits   0x000fca       data     extern C:\MCC18\v3_39\src\traditional\proc\p18F2550.asm
                    T2CON   0x000fca       data     extern C:\MCC18\v3_39\src\traditional\proc\p18F2550.asm
                      PR2   0x000fcb       data     extern C:\MCC18\v3_39\src\traditional\proc\p18F2550.asm
                     TMR2   0x000fcc       data     extern C:\MCC18\v3_39\src\traditional\proc\p18F2550.asm
                T1CONbits   0x000fcd       data     extern C:\MCC18\v3_39\src\traditional\proc\p18F2550.asm
                    T1CON   0x000fcd       data     extern C:\MCC18\v3_39\src\traditional\proc\p18F2550.asm
                    TMR1L   0x000fce       data     extern C:\MCC18\v3_39\src\traditional\proc\p18F2550.asm
                    TMR1H   0x000fcf       data     extern C:\MCC18\v3_39\src\traditional\proc\p18F2550.asm
                     RCON   0x000fd0       data     extern C:\MCC18\v3_39\src\traditional\proc\p18F2550.asm
                 RCONbits   0x000fd0       data     extern C:\MCC18\v3_39\src\traditional\proc\p18F2550.asm
               WDTCONbits   0x000fd1       data     extern C:\MCC18\v3_39\src\traditional\proc\p18F2550.asm
                   WDTCON   0x000fd1       data     extern C:\MCC18\v3_39\src\traditional\proc\p18F2550.asm
                  HLVDCON   0x000fd2       data     extern C:\MCC18\v3_39\src\traditional\proc\p18F2550.asm
              HLVDCONbits   0x000fd2       data     extern C:\MCC18\v3_39\src\traditional\proc\p18F2550.asm
                   LVDCON   0x000fd2       data     extern C:\MCC18\v3_39\src\traditional\proc\p18F2550.asm
               LVDCONbits   0x000fd2       data     extern C:\MCC18\v3_39\src\traditional\proc\p18F2550.asm
                   OSCCON   0x000fd3       data     extern C:\MCC18\v3_39\src\traditional\proc\p18F2550.asm
               OSCCONbits   0x000fd3       data     extern C:\MCC18\v3_39\src\traditional\proc\p18F2550.asm
                T0CONbits   0x000fd5       data     extern C:\MCC18\v3_39\src\traditional\proc\p18F2550.asm
                    T0CON   0x000fd5       data     extern C:\MCC18\v3_39\src\traditional\proc\p18F2550.asm
                    TMR0L   0x000fd6       data     extern C:\MCC18\v3_39\src\traditional\proc\p18F2550.asm
                    TMR0H   0x000fd7       data     extern C:\MCC18\v3_39\src\traditional\proc\p18F2550.asm
                   STATUS   0x000fd8       data     extern C:\MCC18\v3_39\src\traditional\proc\p18F2550.asm
               STATUSbits   0x000fd8       data     extern C:\MCC18\v3_39\src\traditional\proc\p18F2550.asm
                     FSR2   0x000fd9       data     extern C:\MCC18\v3_39\src\traditional\proc\p18F2550.asm
                    FSR2L   0x000fd9       data     extern C:\MCC18\v3_39\src\traditional\proc\p18F2550.asm
                    FSR2H   0x000fda       data     extern C:\MCC18\v3_39\src\traditional\proc\p18F2550.asm
                   PLUSW2   0x000fdb       data     extern C:\MCC18\v3_39\src\traditional\proc\p18F2550.asm
                  PREINC2   0x000fdc       data     extern C:\MCC18\v3_39\src\traditional\proc\p18F2550.asm
                 POSTDEC2   0x000fdd       data     extern C:\MCC18\v3_39\src\traditional\proc\p18F2550.asm
                 POSTINC2   0x000fde       data     extern C:\MCC18\v3_39\src\traditional\proc\p18F2550.asm
                    INDF2   0x000fdf       data     extern C:\MCC18\v3_39\src\traditional\proc\p18F2550.asm
                      BSR   0x000fe0       data     extern C:\MCC18\v3_39\src\traditional\proc\p18F2550.asm
                    FSR1L   0x000fe1       data     extern C:\MCC18\v3_39\src\traditional\proc\p18F2550.asm
                     FSR1   0x000fe1       data     extern C:\MCC18\v3_39\src\traditional\proc\p18F2550.asm
                    FSR1H   0x000fe2       data     extern C:\MCC18\v3_39\src\traditional\proc\p18F2550.asm
                   PLUSW1   0x000fe3       data     extern C:\MCC18\v3_39\src\traditional\proc\p18F2550.asm
                  PREINC1   0x000fe4       data     extern C:\MCC18\v3_39\src\traditional\proc\p18F2550.asm
                 POSTDEC1   0x000fe5       data     extern C:\MCC18\v3_39\src\traditional\proc\p18F2550.asm
                 POSTINC1   0x000fe6       data     extern C:\MCC18\v3_39\src\traditional\proc\p18F2550.asm
                    INDF1   0x000fe7       data     extern C:\MCC18\v3_39\src\traditional\proc\p18F2550.asm
                     WREG   0x000fe8       data     extern C:\MCC18\v3_39\src\traditional\proc\p18F2550.asm
                    FSR0L   0x000fe9       data     extern C:\MCC18\v3_39\src\traditional\proc\p18F2550.asm
                     FSR0   0x000fe9       data     extern C:\MCC18\v3_39\src\traditional\proc\p18F2550.asm
                    FSR0H   0x000fea       data     extern C:\MCC18\v3_39\src\traditional\proc\p18F2550.asm
                   PLUSW0   0x000feb       data     extern C:\MCC18\v3_39\src\traditional\proc\p18F2550.asm
                  PREINC0   0x000fec       data     extern C:\MCC18\v3_39\src\traditional\proc\p18F2550.asm
                 POSTDEC0   0x000fed       data     extern C:\MCC18\v3_39\src\traditional\proc\p18F2550.asm
                 POSTINC0   0x000fee       data     extern C:\MCC18\v3_39\src\traditional\proc\p18F2550.asm
                    INDF0   0x000fef       data     extern C:\MCC18\v3_39\src\traditional\proc\p18F2550.asm
              INTCON3bits   0x000ff0       data     extern C:\MCC18\v3_39\src\traditional\proc\p18F2550.asm
                  INTCON3   0x000ff0       data     extern C:\MCC18\v3_39\src\traditional\proc\p18F2550.asm
              INTCON2bits   0x000ff1       data     extern C:\MCC18\v3_39\src\traditional\proc\p18F2550.asm
                  INTCON2   0x000ff1       data     extern C:\MCC18\v3_39\src\traditional\proc\p18F2550.asm
                   INTCON   0x000ff2       data     extern C:\MCC18\v3_39\src\traditional\proc\p18F2550.asm
               INTCONbits   0x000ff2       data     extern C:\MCC18\v3_39\src\traditional\proc\p18F2550.asm
                     PROD   0x000ff3       data     extern C:\MCC18\v3_39\src\traditional\proc\p18F2550.asm
                    PRODL   0x000ff3       data     extern C:\MCC18\v3_39\src\traditional\proc\p18F2550.asm
                    PRODH   0x000ff4       data     extern C:\MCC18\v3_39\src\traditional\proc\p18F2550.asm
                   TABLAT   0x000ff5       data     extern C:\MCC18\v3_39\src\traditional\proc\p18F2550.asm
                  TBLPTRL   0x000ff6       data     extern C:\MCC18\v3_39\src\traditional\proc\p18F2550.asm
                   TBLPTR   0x000ff6       data     extern C:\MCC18\v3_39\src\traditional\proc\p18F2550.asm
                  TBLPTRH   0x000ff7       data     extern C:\MCC18\v3_39\src\traditional\proc\p18F2550.asm
                  TBLPTRU   0x000ff8       data     extern C:\MCC18\v3_39\src\traditional\proc\p18F2550.asm
                       PC   0x000ff9       data     extern C:\MCC18\v3_39\src\traditional\proc\p18F2550.asm
                      PCL   0x000ff9       data     extern C:\MCC18\v3_39\src\traditional\proc\p18F2550.asm
                   PCLATH   0x000ffa       data     extern C:\MCC18\v3_39\src\traditional\proc\p18F2550.asm
                   PCLATU   0x000ffb       data     extern C:\MCC18\v3_39\src\traditional\proc\p18F2550.asm
               STKPTRbits   0x000ffc       data     extern C:\MCC18\v3_39\src\traditional\proc\p18F2550.asm
                   STKPTR   0x000ffc       data     extern C:\MCC18\v3_39\src\traditional\proc\p18F2550.asm
                      TOS   0x000ffd       data     extern C:\MCC18\v3_39\src\traditional\proc\p18F2550.asm
                     TOSL   0x000ffd       data     extern C:\MCC18\v3_39\src\traditional\proc\p18F2550.asm
                     TOSH   0x000ffe       data     extern C:\MCC18\v3_39\src\traditional\proc\p18F2550.asm
                     TOSU   0x000fff       data     extern C:\MCC18\v3_39\src\traditional\proc\p18F2550.asm


